Component: ARM Compiler 5.06 update 7 (build 960) Tool: armlink [4d3601]

==============================================================================

Section Cross References

    startup_stm32f103xb.o(STACK) refers (Special) to heapauxi.o(.text) for __use_two_region_memory
    startup_stm32f103xb.o(HEAP) refers (Special) to heapauxi.o(.text) for __use_two_region_memory
    startup_stm32f103xb.o(RESET) refers (Special) to heapauxi.o(.text) for __use_two_region_memory
    startup_stm32f103xb.o(RESET) refers to startup_stm32f103xb.o(STACK) for __initial_sp
    startup_stm32f103xb.o(RESET) refers to startup_stm32f103xb.o(.text) for Reset_Handler
    startup_stm32f103xb.o(RESET) refers to stm32f1xx_it.o(i.NMI_Handler) for NMI_Handler
    startup_stm32f103xb.o(RESET) refers to stm32f1xx_it.o(i.HardFault_Handler) for HardFault_Handler
    startup_stm32f103xb.o(RESET) refers to stm32f1xx_it.o(i.MemManage_Handler) for MemManage_Handler
    startup_stm32f103xb.o(RESET) refers to stm32f1xx_it.o(i.BusFault_Handler) for BusFault_Handler
    startup_stm32f103xb.o(RESET) refers to stm32f1xx_it.o(i.UsageFault_Handler) for UsageFault_Handler
    startup_stm32f103xb.o(RESET) refers to stm32f1xx_it.o(i.SVC_Handler) for SVC_Handler
    startup_stm32f103xb.o(RESET) refers to stm32f1xx_it.o(i.DebugMon_Handler) for DebugMon_Handler
    startup_stm32f103xb.o(RESET) refers to stm32f1xx_it.o(i.PendSV_Handler) for PendSV_Handler
    startup_stm32f103xb.o(RESET) refers to stm32f1xx_it.o(i.SysTick_Handler) for SysTick_Handler
    startup_stm32f103xb.o(RESET) refers to main.o(i.TIM2_IRQHandler) for TIM2_IRQHandler
    startup_stm32f103xb.o(.text) refers (Special) to heapauxi.o(.text) for __use_two_region_memory
    startup_stm32f103xb.o(.text) refers to system_stm32f1xx.o(i.SystemInit) for SystemInit
    startup_stm32f103xb.o(.text) refers to __main.o(!!!main) for __main
    startup_stm32f103xb.o(.text) refers to startup_stm32f103xb.o(HEAP) for Heap_Mem
    startup_stm32f103xb.o(.text) refers to startup_stm32f103xb.o(STACK) for Stack_Mem
    main.o(i.SystemClock_Config) refers to rt_memclr_w.o(.text) for __aeabi_memclr4
    main.o(i.SystemClock_Config) refers to stm32f1xx_hal_rcc.o(i.HAL_RCC_OscConfig) for HAL_RCC_OscConfig
    main.o(i.SystemClock_Config) refers to main.o(i.Error_Handler) for Error_Handler
    main.o(i.SystemClock_Config) refers to stm32f1xx_hal_rcc.o(i.HAL_RCC_ClockConfig) for HAL_RCC_ClockConfig
    main.o(i.main) refers to stm32f1xx_hal.o(i.HAL_Init) for HAL_Init
    main.o(i.main) refers to main.o(i.SystemClock_Config) for SystemClock_Config
    main.o(i.main) refers to gpio.o(i.MX_GPIO_Init) for MX_GPIO_Init
    main.o(i.main) refers to crc.o(i.MX_CRC_Init) for MX_CRC_Init
    main.o(i.main) refers to usart.o(i.MX_USART1_UART_Init) for MX_USART1_UART_Init
    main.o(i.main) refers to usart.o(i.MX_USART2_UART_Init) for MX_USART2_UART_Init
    main.o(i.main) refers to bootloader.o(i.BL_Print_Message) for BL_Print_Message
    main.o(i.main) refers to bootloader.o(i.BL_UART_Fetch_Host_Command) for BL_UART_Fetch_Host_Command
    crc.o(i.MX_CRC_Init) refers to stm32f1xx_hal_crc.o(i.HAL_CRC_Init) for HAL_CRC_Init
    crc.o(i.MX_CRC_Init) refers to main.o(i.Error_Handler) for Error_Handler
    crc.o(i.MX_CRC_Init) refers to crc.o(.data) for hcrc
    usart.o(i.HAL_UART_MspDeInit) refers to stm32f1xx_hal_gpio.o(i.HAL_GPIO_DeInit) for HAL_GPIO_DeInit
    usart.o(i.HAL_UART_MspInit) refers to stm32f1xx_hal_gpio.o(i.HAL_GPIO_Init) for HAL_GPIO_Init
    usart.o(i.MX_USART1_UART_Init) refers to stm32f1xx_hal_uart.o(i.HAL_UART_Init) for HAL_UART_Init
    usart.o(i.MX_USART1_UART_Init) refers to main.o(i.Error_Handler) for Error_Handler
    usart.o(i.MX_USART1_UART_Init) refers to usart.o(.bss) for huart1
    usart.o(i.MX_USART2_UART_Init) refers to stm32f1xx_hal_uart.o(i.HAL_UART_Init) for HAL_UART_Init
    usart.o(i.MX_USART2_UART_Init) refers to main.o(i.Error_Handler) for Error_Handler
    usart.o(i.MX_USART2_UART_Init) refers to usart.o(.bss) for huart2
    stm32f1xx_it.o(i.SysTick_Handler) refers to stm32f1xx_hal.o(i.HAL_IncTick) for HAL_IncTick
    stm32f1xx_hal_crc.o(i.HAL_CRC_DeInit) refers to crc.o(i.HAL_CRC_MspDeInit) for HAL_CRC_MspDeInit
    stm32f1xx_hal_crc.o(i.HAL_CRC_Init) refers to crc.o(i.HAL_CRC_MspInit) for HAL_CRC_MspInit
    stm32f1xx_hal.o(i.HAL_DeInit) refers to stm32f1xx_hal.o(i.HAL_MspDeInit) for HAL_MspDeInit
    stm32f1xx_hal.o(i.HAL_Delay) refers to stm32f1xx_hal.o(i.HAL_GetTick) for HAL_GetTick
    stm32f1xx_hal.o(i.HAL_Delay) refers to stm32f1xx_hal.o(.data) for uwTickFreq
    stm32f1xx_hal.o(i.HAL_GetTick) refers to stm32f1xx_hal.o(.data) for uwTick
    stm32f1xx_hal.o(i.HAL_GetTickFreq) refers to stm32f1xx_hal.o(.data) for uwTickFreq
    stm32f1xx_hal.o(i.HAL_GetTickPrio) refers to stm32f1xx_hal.o(.data) for uwTickPrio
    stm32f1xx_hal.o(i.HAL_IncTick) refers to stm32f1xx_hal.o(.data) for uwTick
[...]
    .text                                    0x08000494   Section        0  _printf_charcount.o(.text)
    .text                                    0x080004bc   Section        0  _printf_char_common.o(.text)
    _printf_input_char                       0x080004bd   Thumb Code    10  _printf_char_common.o(.text)
    .text                                    0x080004ec   Section        0  _sputc.o(.text)
    .text                                    0x080004f8   Section        0  _printf_wctomb.o(.text)
    .text                                    0x080005b4   Section        0  _printf_longlong_dec.o(.text)
    .text                                    0x08000630   Section        0  _printf_oct_int_ll.o(.text)
    _printf_longlong_oct_internal            0x08000631   Thumb Code     0  _printf_oct_int_ll.o(.text)
    .text                                    0x080006a0   Section        0  _printf_hex_int_ll_ptr.o(.text)
    _printf_hex_common                       0x080006a1   Thumb Code     0  _printf_hex_int_ll_ptr.o(.text)
    .text                                    0x08000734   Section        0  __printf_flags_ss_wp.o(.text)
    .text                                    0x080008bc   Section      138  lludiv10.o(.text)
    .text                                    0x08000946   Section        0  _printf_intcommon.o(.text)
    .text                                    0x080009f8   Section        0  _printf_fp_dec.o(.text)
    _fp_digits                               0x080009fb   Thumb Code   432  _printf_fp_dec.o(.text)
    .text                                    0x08000e18   Section        0  _printf_fp_hex.o(.text)
    .text                                    0x08001114   Section        0  _printf_char.o(.text)
    .text                                    0x08001140   Section        0  _printf_wchar.o(.text)
    .text                                    0x0800116c   Section        0  _wcrtomb.o(.text)
    .text                                    0x080011ac   Section       74  sys_stackheap_outer.o(.text)
    .text                                    0x080011f8   Section       16  rt_ctype_table.o(.text)
    .text                                    0x08001208   Section        8  rt_locale_intlibspace.o(.text)
    .text                                    0x08001210   Section        0  _printf_fp_infnan.o(.text)
    .text                                    0x08001290   Section        0  bigflt0.o(.text)
    .text                                    0x08001374   Section        0  exit.o(.text)
    .text                                    0x08001388   Section        8  libspace.o(.text)
    .text                                    0x08001390   Section      128  strcmpv7m.o(.text)
    .text                                    0x08001410   Section        0  sys_exit.o(.text)
    .text                                    0x0800141c   Section        2  use_no_semi.o(.text)
    .text                                    0x0800141e   Section        0  indicate_semi.o(.text)
    CL$$btod_d2e                             0x0800141e   Section       62  btod.o(CL$$btod_d2e)
    CL$$btod_d2e_denorm_low                  0x0800145c   Section       70  btod.o(CL$$btod_d2e_denorm_low)
    CL$$btod_d2e_norm_op1                    0x080014a2   Section       96  btod.o(CL$$btod_d2e_norm_op1)
    CL$$btod_div_common                      0x08001502   Section      824  btod.o(CL$$btod_div_common)
    CL$$btod_e2e                             0x0800183a   Section      220  btod.o(CL$$btod_e2e)
    CL$$btod_ediv                            0x08001916   Section       42  btod.o(CL$$btod_ediv)
    CL$$btod_emul                            0x08001940   Section       42  btod.o(CL$$btod_emul)
    CL$$btod_mult_common                     0x0800196a   Section      580  btod.o(CL$$btod_mult_common)
    i.BL_CRC_Verify                          0x08001bb0   Section        0  bootloader.o(i.BL_CRC_Verify)
    BL_CRC_Verify                            0x08001bb1   Thumb Code    80  bootloader.o(i.BL_CRC_Verify)
    i.BL_Change_ROP_Level                    0x08001c04   Section        0  bootloader.o(i.BL_Change_ROP_Level)
    BL_Change_ROP_Level                      0x08001c05   Thumb Code    96  bootloader.o(i.BL_Change_ROP_Level)
    i.BL_Change_Read_Protection_Level        0x08001c64   Section        0  bootloader.o(i.BL_Change_Read_Protection_Level)
    BL_Change_Read_Protection_Level          0x08001c65   Thumb Code    86  bootloader.o(i.BL_Change_Read_Protection_Level)
    i.BL_Enable_RW_Protection                0x08001cf8   Section        0  bootloader.o(i.BL_Enable_RW_Protection)
    BL_Enable_RW_Protection                  0x08001cf9   Thumb Code     2  bootloader.o(i.BL_Enable_RW_Protection)
    i.BL_Erase_Flash                         0x08001cfc   Section        0  bootloader.o(i.BL_Erase_Flash)
    BL_Erase_Flash                           0x08001cfd   Thumb Code   118  bootloader.o(i.BL_Erase_Flash)
    i.BL_GET_RDP_LEVEL                       0x08001dfc   Section        0  bootloader.o(i.BL_GET_RDP_LEVEL)
    BL_GET_RDP_LEVEL                         0x08001dfd   Thumb Code    30  bootloader.o(i.BL_GET_RDP_LEVEL)
    i.BL_Get_Chip_ID                         0x08001e1c   Section        0  bootloader.o(i.BL_Get_Chip_ID)
    BL_Get_Chip_ID                           0x08001e1d   Thumb Code    88  bootloader.o(i.BL_Get_Chip_ID)
    i.BL_Get_Help                            0x08001edc   Section        0  bootloader.o(i.BL_Get_Help)
    BL_Get_Help                              0x08001edd   Thumb Code    74  bootloader.o(i.BL_Get_Help)
    i.BL_Get_Read_Protection_Level           0x08001f98   Section        0  bootloader.o(i.BL_Get_Read_Protection_Level)
    BL_Get_Read_Protection_Level             0x08001f99   Thumb Code    80  bootloader.o(i.BL_Get_Read_Protection_Level)
    i.BL_Get_Sector_Protection_Status        0x08002048   Section        0  bootloader.o(i.BL_Get_Sector_Protection_Status)
    BL_Get_Sector_Protection_Status          0x08002049   Thumb Code     2  bootloader.o(i.BL_Get_Sector_Protection_Status)
    i.BL_Get_Version                         0x0800204c   Section        0  bootloader.o(i.BL_Get_Version)
    BL_Get_Version                           0x0800204d   Thumb Code    80  bootloader.o(i.BL_Get_Version)
    i.BL_Host_Jump_Address_Verify            0x08002104   Section        0  bootloader.o(i.BL_Host_Jump_Address_Verify)
    BL_Host_Jump_Address_Verify              0x08002105   Thumb Code    36  bootloader.o(i.BL_Host_Jump_Address_Verify)
    i.BL_Jump_To_Address                     0x08002130   Section        0  bootloader.o(i.BL_Jump_To_Address)
    BL_Jump_To_Address                       0x08002131   Thumb Code   142  bootloader.o(i.BL_Jump_To_Address)
    i.BL_Jump_To_User_App                    0x08002264   Section        0  bootloader.o(i.BL_Jump_To_User_App)
    BL_Jump_To_User_App                      0x08002265   Thumb Code    26  bootloader.o(i.BL_Jump_To_User_App)
    i.BL_Memory_Read                         0x08002284   Section        0  bootloader.o(i.BL_Memory_Read)
    BL_Memory_Read                           0x08002285   Thumb Code     2  bootloader.o(i.BL_Memory_Read)
    i.BL_Memory_Write                        0x08002288   Section        0  bootloader.o(i.BL_Memory_Write)
    BL_Memory_Write                          0x08002289   Thumb Code   166  bootloader.o(i.BL_Memory_Write)
    i.BL_Perform_Flash_Erase                 0x08002400   Section        0  bootloader.o(i.BL_Perform_Flash_Erase)
    BL_Perform_Flash_Erase                   0x08002401   Thumb Code    92  bootloader.o(i.BL_Perform_Flash_Erase)
    i.BL_Print_Message                       0x0800245c   Section        0  bootloader.o(i.BL_Print_Message)
    i.BL_Read_OTP                            0x08002494   Section        0  bootloader.o(i.BL_Read_OTP)
    BL_Read_OTP                              0x08002495   Thumb Code     2  bootloader.o(i.BL_Read_OTP)
    i.BL_Send_ACK_NACK                       0x08002496   Section        0  bootloader.o(i.BL_Send_ACK_NACK)
    BL_Send_ACK_NACK                         0x08002497   Thumb Code    58  bootloader.o(i.BL_Send_ACK_NACK)
    i.BL_Send_Data_To_Host                   0x080024d0   Section        0  bootloader.o(i.BL_Send_Data_To_Host)
    BL_Send_Data_To_Host                     0x080024d1   Thumb Code    22  bootloader.o(i.BL_Send_Data_To_Host)
    i.BL_UART_Fetch_Host_Command             0x080024ec   Section        0  bootloader.o(i.BL_UART_Fetch_Host_Command)
    i.BL_Write_Payload_In_Flash              0x080026a0   Section        0  bootloader.o(i.BL_Write_Payload_In_Flash)
    BL_Write_Payload_In_Flash                0x080026a1   Thumb Code    86  bootloader.o(i.BL_Write_Payload_In_Flash)
    i.BusFault_Handler                       0x080026f6   Section        0  stm32f1xx_it.o(i.BusFault_Handler)
    i.DebugMon_Handler                       0x080026fa   Section        0  stm32f1xx_it.o(i.DebugMon_Handler)
    i.Error_Handler                          0x080026fc   Section        0  main.o(i.Error_Handler)
    i.FLASH_MassErase                        0x08002704   Section        0  stm32f1xx_hal_flash_ex.o(i.FLASH_MassErase)
    FLASH_MassErase                          0x08002705   Thumb Code    30  stm32f1xx_hal_flash_ex.o(i.FLASH_MassErase)
    i.FLASH_OB_DisableWRP                    0x0800272c   Section        0  stm32f1xx_hal_flash_ex.o(i.FLASH_OB_DisableWRP)
    FLASH_OB_DisableWRP                      0x0800272d   Thumb Code   218  stm32f1xx_hal_flash_ex.o(i.FLASH_OB_DisableWRP)
    i.FLASH_OB_EnableWRP                     0x08002814   Section        0  stm32f1xx_hal_flash_ex.o(i.FLASH_OB_EnableWRP)
    FLASH_OB_EnableWRP                       0x08002815   Thumb Code   222  stm32f1xx_hal_flash_ex.o(i.FLASH_OB_EnableWRP)
    i.FLASH_OB_GetRDP                        0x08002900   Section        0  stm32f1xx_hal_flash_ex.o(i.FLASH_OB_GetRDP)
    FLASH_OB_GetRDP                          0x08002901   Thumb Code    24  stm32f1xx_hal_flash_ex.o(i.FLASH_OB_GetRDP)
    i.FLASH_OB_GetUser                       0x0800291c   Section        0  stm32f1xx_hal_flash_ex.o(i.FLASH_OB_GetUser)
    FLASH_OB_GetUser                         0x0800291d   Thumb Code    10  stm32f1xx_hal_flash_ex.o(i.FLASH_OB_GetUser)
    i.FLASH_OB_GetWRP                        0x0800292c   Section        0  stm32f1xx_hal_flash_ex.o(i.FLASH_OB_GetWRP)
    FLASH_OB_GetWRP                          0x0800292d   Thumb Code     6  stm32f1xx_hal_flash_ex.o(i.FLASH_OB_GetWRP)
    i.FLASH_OB_ProgramData                   0x08002938   Section        0  stm32f1xx_hal_flash_ex.o(i.FLASH_OB_ProgramData)
    FLASH_OB_ProgramData                     0x08002939   Thumb Code    66  stm32f1xx_hal_flash_ex.o(i.FLASH_OB_ProgramData)
    i.FLASH_OB_RDP_LevelConfig               0x08002984   Section        0  stm32f1xx_hal_flash_ex.o(i.FLASH_OB_RDP_LevelConfig)
    FLASH_OB_RDP_LevelConfig                 0x08002985   Thumb Code   110  stm32f1xx_hal_flash_ex.o(i.FLASH_OB_RDP_LevelConfig)
    i.FLASH_OB_UserConfig                    0x08002a00   Section        0  stm32f1xx_hal_flash_ex.o(i.FLASH_OB_UserConfig)
    FLASH_OB_UserConfig                      0x08002a01   Thumb Code    70  stm32f1xx_hal_flash_ex.o(i.FLASH_OB_UserConfig)
    i.FLASH_PageErase                        0x08002a54   Section        0  stm32f1xx_hal_flash_ex.o(i.FLASH_PageErase)
    i.FLASH_Program_HalfWord                 0x08002a7c   Section        0  stm32f1xx_hal_flash.o(i.FLASH_Program_HalfWord)
    FLASH_Program_HalfWord                   0x08002a7d   Thumb Code    22  stm32f1xx_hal_flash.o(i.FLASH_Program_HalfWord)
    i.FLASH_SetErrorCode                     0x08002a9c   Section        0  stm32f1xx_hal_flash.o(i.FLASH_SetErrorCode)
    FLASH_SetErrorCode                       0x08002a9d   Thumb Code   124  stm32f1xx_hal_flash.o(i.FLASH_SetErrorCode)
    i.FLASH_WaitForLastOperation             0x08002b20   Section        0  stm32f1xx_hal_flash.o(i.FLASH_WaitForLastOperation)
    i.HAL_CRC_Accumulate                     0x08002b90   Section        0  stm32f1xx_hal_crc.o(i.HAL_CRC_Accumulate)
    i.HAL_CRC_Init                           0x08002bb8   Section        0  stm32f1xx_hal_crc.o(i.HAL_CRC_Init)
    i.HAL_CRC_MspInit                        0x08002bd8   Section        0  crc.o(i.HAL_CRC_MspInit)
    i.HAL_FLASHEx_Erase                      0x08002c08   Section        0  stm32f1xx_hal_flash_ex.o(i.HAL_FLASHEx_Erase)
    i.HAL_FLASHEx_OBErase                    0x08002cb8   Section        0  stm32f1xx_hal_flash_ex.o(i.HAL_FLASHEx_OBErase)
    i.HAL_FLASHEx_OBGetConfig                0x08002d18   Section        0  stm32f1xx_hal_flash_ex.o(i.HAL_FLASHEx_OBGetConfig)
    i.HAL_FLASHEx_OBProgram                  0x08002d34   Section        0  stm32f1xx_hal_flash_ex.o(i.HAL_FLASHEx_OBProgram)
    i.HAL_FLASH_Lock                         0x08002dfc   Section        0  stm32f1xx_hal_flash.o(i.HAL_FLASH_Lock)
    i.HAL_FLASH_OB_Launch                    0x08002e10   Section        0  stm32f1xx_hal_flash.o(i.HAL_FLASH_OB_Launch)
    i.HAL_FLASH_OB_Lock                      0x08002e18   Section        0  stm32f1xx_hal_flash.o(i.HAL_FLASH_OB_Lock)
    i.HAL_FLASH_OB_Unlock                    0x08002e2c   Section        0  stm32f1xx_hal_flash.o(i.HAL_FLASH_OB_Unlock)
    i.HAL_FLASH_Program                      0x08002e58   Section        0  stm32f1xx_hal_flash.o(i.HAL_FLASH_Program)
    i.HAL_FLASH_Unlock                       0x08002f08   Section        0  stm32f1xx_hal_flash.o(i.HAL_FLASH_Unlock)
    i.HAL_GPIO_Init                          0x08002f38   Section        0  stm32f1xx_hal_gpio.o(i.HAL_GPIO_Init)
    i.HAL_GetTick                            0x08003258   Section        0  stm32f1xx_hal.o(i.HAL_GetTick)
    i.HAL_IncTick                            0x08003264   Section        0  stm32f1xx_hal.o(i.HAL_IncTick)
    i.HAL_Init                               0x0800327c   Section        0  stm32f1xx_hal.o(i.HAL_Init)
    i.HAL_InitTick                           0x080032a4   Section        0  stm32f1xx_hal.o(i.HAL_InitTick)
    i.HAL_MspInit                            0x080032f0   Section        0  stm32f1xx_hal_msp.o(i.HAL_MspInit)
    i.HAL_NVIC_SetPriority                   0x08003330   Section        0  stm32f1xx_hal_cortex.o(i.HAL_NVIC_SetPriority)
    i.HAL_NVIC_SetPriorityGrouping           0x080033ac   Section        0  stm32f1xx_hal_cortex.o(i.HAL_NVIC_SetPriorityGrouping)
    i.HAL_NVIC_SystemReset                   0x080033d4   Section        0  stm32f1xx_hal_cortex.o(i.HAL_NVIC_SystemReset)
    i.HAL_RCC_ClockConfig                    0x08003418   Section        0  stm32f1xx_hal_rcc.o(i.HAL_RCC_ClockConfig)
    i.HAL_RCC_DeInit                         0x080035a4   Section        0  stm32f1xx_hal_rcc.o(i.HAL_RCC_DeInit)
    i.HAL_RCC_GetHCLKFreq                    0x080036b4   Section        0  stm32f1xx_hal_rcc.o(i.HAL_RCC_GetHCLKFreq)
    i.HAL_RCC_GetPCLK1Freq                   0x080036c0   Section        0  stm32f1xx_hal_rcc.o(i.HAL_RCC_GetPCLK1Freq)
    i.HAL_RCC_GetPCLK2Freq                   0x080036e0   Section        0  stm32f1xx_hal_rcc.o(i.HAL_RCC_GetPCLK2Freq)
    i.HAL_RCC_GetSysClockFreq                0x08003700   Section        0  stm32f1xx_hal_rcc.o(i.HAL_RCC_GetSysClockFreq)
    i.HAL_RCC_OscConfig                      0x08003794   Section        0  stm32f1xx_hal_rcc.o(i.HAL_RCC_OscConfig)
    i.HAL_SYSTICK_Config                     0x08003bf8   Section        0  stm32f1xx_hal_cortex.o(i.HAL_SYSTICK_Config)
    i.HAL_UART_Init                          0x08003c2c   Section        0  stm32f1xx_hal_uart.o(i.HAL_UART_Init)
    i.HAL_UART_MspInit                       0x08003ca0   Section        0  usart.o(i.HAL_UART_MspInit)
    i.HAL_UART_Receive                       0x08003d90   Section        0  stm32f1xx_hal_uart.o(i.HAL_UART_Receive)
    i.HAL_UART_Transmit                      0x08003e6c   Section        0  stm32f1xx_hal_uart.o(i.HAL_UART_Transmit)
    i.HardFault_Handler                      0x08003f3e   Section        0  stm32f1xx_it.o(i.HardFault_Handler)
    i.MX_CRC_Init                            0x08003f44   Section        0  crc.o(i.MX_CRC_Init)
    i.MX_GPIO_Init                           0x08003f64   Section        0  gpio.o(i.MX_GPIO_Init)
    i.MX_USART1_UART_Init                    0x08003fa4   Section        0  usart.o(i.MX_USART1_UART_Init)
    i.MX_USART2_UART_Init                    0x08003fdc   Section        0  usart.o(i.MX_USART2_UART_Init)
    i.MemManage_Handler                      0x08004014   Section        0  stm32f1xx_it.o(i.MemManage_Handler)
    i.NMI_Handler                            0x08004018   Section        0  stm32f1xx_it.o(i.NMI_Handler)
    i.PendSV_Handler                         0x0800401c   Section        0  stm32f1xx_it.o(i.PendSV_Handler)
    i.RCC_Delay                              0x08004020   Section        0  stm32f1xx_hal_rcc.o(i.RCC_Delay)
    RCC_Delay                                0x08004021   Thumb Code    36  stm32f1xx_hal_rcc.o(i.RCC_Delay)
    i.SVC_Handler                            0x08004048   Section        0  stm32f1xx_it.o(i.SVC_Handler)
    i.SysTick_Handler                        0x0800404a   Section        0  stm32f1xx_it.o(i.SysTick_Handler)
    i.SystemClock_Config                     0x08004052   Section        0  main.o(i.SystemClock_Config)
    i.SystemInit                             0x080040a0   Section        0  system_stm32f1xx.o(i.SystemInit)
    i.TIM2_IRQHandler                        0x080040a4   Section        0  main.o(i.TIM2_IRQHandler)
    i.UART_SetConfig                         0x080040b8   Section        0  stm32f1xx_hal_uart.o(i.UART_SetConfig)
    UART_SetConfig                           0x080040b9   Thumb Code   248  stm32f1xx_hal_uart.o(i.UART_SetConfig)
    i.UART_WaitOnFlagUntilTimeout            0x080041b4   Section        0  stm32f1xx_hal_uart.o(i.UART_WaitOnFlagUntilTimeout)
    UART_WaitOnFlagUntilTimeout              0x080041b5   Thumb Code   108  stm32f1xx_hal_uart.o(i.UART_WaitOnFlagUntilTimeout)
    i.UsageFault_Handler                     0x08004220   Section        0  stm32f1xx_it.o(i.UsageFault_Handler)
    i.__ARM_fpclassify                       0x08004224   Section        0  fpclassify.o(i.__ARM_fpclassify)
    i.__NVIC_GetPriorityGrouping             0x0800424c   Section        0  stm32f1xx_hal_cortex.o(i.__NVIC_GetPriorityGrouping)
    __NVIC_GetPriorityGrouping               0x0800424d   Thumb Code    10  stm32f1xx_hal_cortex.o(i.__NVIC_GetPriorityGrouping)
    i.__NVIC_SetPriority                     0x0800425c   Section        0  stm32f1xx_hal_cortex.o(i.__NVIC_SetPriority)
    __NVIC_SetPriority                       0x0800425d   Thumb Code    32  stm32f1xx_hal_cortex.o(i.__NVIC_SetPriority)
    i._is_digit                              0x08004284   Section        0  __printf_wp.o(i._is_digit)
    i.main                                   0x08004294   Section        0  main.o(i.main)
    locale$$code                             0x080042c8   Section       44  lc_numeric_c.o(locale$$code)
    locale$$code                             0x080042f4   Section       44  lc_ctype_c.o(locale$$code)
    x$fpl$printf1                            0x08004320   Section        4  printf1.o(x$fpl$printf1)
    x$fpl$printf2                            0x08004324   Section        4  printf2.o(x$fpl$printf2)
    .constdata                               0x08004328   Section       24  system_stm32f1xx.o(.constdata)
    x$fpl$usenofp                            0x08004328   Section        0  usenofp.o(x$fpl$usenofp)
    .constdata                               0x08004340   Section        8  _printf_wctomb.o(.constdata)
    initial_mbstate                          0x08004340   Data           8  _printf_wctomb.o(.constdata)
    .constdata                               0x08004348   Section       40  _printf_hex_int_ll_ptr.o(.constdata)
    uc_hextab                                0x08004348   Data          20  _printf_hex_int_ll_ptr.o(.constdata)
    lc_hextab                                0x0800435c   Data          20  _printf_hex_int_ll_ptr.o(.constdata)
    .constdata                               0x08004370   Section       17  __printf_flags_ss_wp.o(.constdata)
    maptable                                 0x08004370   Data          17  __printf_flags_ss_wp.o(.constdata)
    .constdata                               0x08004381   Section       38  _printf_fp_hex.o(.constdata)
    lc_hextab                                0x08004381   Data          19  _printf_fp_hex.o(.constdata)
    uc_hextab                                0x08004394   Data          19  _printf_fp_hex.o(.constdata)
    .constdata                               0x080043a8   Section      148  bigflt0.o(.constdata)
    tenpwrs_x                                0x080043a8   Data          60  bigflt0.o(.constdata)
    tenpwrs_i                                0x080043e4   Data          64  bigflt0.o(.constdata)
    .conststring                             0x0800443c   Section      136  bootloader.o(.conststring)
    locale$$data                             0x080044e4   Section       28  lc_numeric_c.o(locale$$data)
    __lcnum_c_name                           0x080044e8   Data           2  lc_numeric_c.o(locale$$data)
    __lcnum_c_start                          0x080044f0   Data           0  lc_numeric_c.o(locale$$data)
    __lcnum_c_point                          0x080044fc   Data           0  lc_numeric_c.o(locale$$data)
    __lcnum_c_thousands                      0x080044fe   Data           0  lc_numeric_c.o(locale$$data)
    __lcnum_c_grouping                       0x080044ff   Data           0  lc_numeric_c.o(locale$$data)
    locale$$data                             0x08004500   Section      272  lc_ctype_c.o(locale$$data)
    __lcnum_c_end                            0x08004500   Data           0  lc_numeric_c.o(locale$$data)
    __lcctype_c_name                         0x08004504   Data           2  lc_ctype_c.o(locale$$data)
    __lcctype_c_start                        0x0800450c   Data           0  lc_ctype_c.o(locale$$data)
    __lcctype_c_end                          0x08004610   Data           0  lc_ctype_c.o(locale$$data)
    .data                                    0x20000000   Section        8  crc.o(.data)
    .data                                    0x20000008   Section        9  stm32f1xx_hal.o(.data)
    .data                                    0x20000014   Section        4  system_stm32f1xx.o(.data)
    .data                                    0x20000018   Section       12  bootloader.o(.data)
    .bss                                     0x20000024   Section      136  usart.o(.bss)
    .bss                                     0x200000b0   Section       32  stm32f1xx_hal_flash.o(.bss)
    .bss                                     0x200000d0   Section      200  bootloader.o(.bss)
    BL_HOST_Buffer                           0x200000d0   Data         200  bootloader.o(.bss)
    .bss                                     0x20000198   Section       96  libspace.o(.bss)
    HEAP                                     0x200001f8   Section      512  startup_stm32f103xb.o(HEAP)
    Heap_Mem                                 0x200001f8   Data         512  startup_stm32f103xb.o(HEAP)
    STACK                                    0x200003f8   Section     1024  startup_stm32f103xb.o(STACK)
    Stack_Mem                                0x200003f8   Data        1024  startup_stm32f103xb.o(STACK)
    __initial_sp                             0x200007f8   Data           0  startup_stm32f103xb.o(STACK)

    Global Symbols

    Symbol Name                              Value     Ov Type        Size  Object(Section)

    BuildAttributes$$THM_ISAv4$P$D$K$B$S$PE$A:L22UL41UL21$X:L11$S22US41US21$IEEE1$IW$USESV6$~STKCKD$USESV7$~SHL$OTIME$ROPI$IEEEJ$EBA8$UX$STANDARDLIB$REQ8$PRES8$EABIv2 0x00000000   Number         0  anon$$obj.o ABSOLUTE
    __ARM_use_no_argv                        0x00000000   Number         0  main.o ABSOLUTE
    _printf_flags                            0x00000000   Number         0  printf_stubs.o ABSOLUTE
    _printf_return_value                     0x00000000   Number         0  printf_stubs.o ABSOLUTE
    _printf_sizespec                         0x00000000   Number         0  printf_stubs.o ABSOLUTE
    _printf_widthprec                        0x00000000   Number         0  printf_stubs.o ABSOLUTE
    __ARM_exceptions_init                     - Undefined Weak Reference
    __alloca_initialize                       - Undefined Weak Reference
    __arm_fini_                               - Undefined Weak Reference
    __arm_preinit_                            - Undefined Weak Reference
    __cpp_initialize__aeabi_                  - Undefined Weak Reference
    __cxa_finalize                            - Undefined Weak Reference
    __sigvec_lookup                           - Undefined Weak Reference
    _atexit_init                              - Undefined Weak Reference
    _call_atexit_fns                          - Undefined Weak Reference
    _clock_init                               - Undefined Weak Reference
    _fp_trap_init                             - Undefined Weak Reference
    _fp_trap_shutdown                         - Undefined Weak Reference
    _get_lc_collate                           - Undefined Weak Reference
    _get_lc_monetary                          - Undefined Weak Reference
    _get_lc_time                              - Undefined Weak Reference
    _getenv_init                              - Undefined Weak Reference
    _handle_redirection                       - Undefined Weak Reference
    _init_alloc                               - Undefined Weak Reference
    _init_user_alloc                          - Undefined Weak Reference
    _initio                                   - Undefined Weak Reference
    _printf_mbtowc                            - Undefined Weak Reference
    _printf_wc                                - Undefined Weak Reference
    _rand_init                                - Undefined Weak Reference
    _signal_finish                            - Undefined Weak Reference
    _signal_init                              - Undefined Weak Reference
    _terminate_alloc                          - Undefined Weak Reference
    _terminate_user_alloc                     - Undefined Weak Reference
    _terminateio                              - Undefined Weak Reference
    __Vectors_Size                           0x000000ec   Number         0  startup_stm32f103xb.o ABSOLUTE
    __Vectors                                0x08000000   Data           4  startup_stm32f103xb.o(RESET)
    __Vectors_End                            0x080000ec   Data           0  startup_stm32f103xb.o(RESET)
    __main                                   0x080000ed   Thumb Code     8  __main.o(!!!main)
    __scatterload                            0x080000f5   Thumb Code     0  __scatter.o(!!!scatter)
    __scatterload_rt2                        0x080000f5   Thumb Code    44  __scatter.o(!!!scatter)
    __scatterload_rt2_thumb_only             0x080000f5   Thumb Code     0  __scatter.o(!!!scatter)
    __scatterload_null                       0x08000103   Thumb Code     0  __scatter.o(!!!scatter)
    __scatterload_copy                       0x08000129   Thumb Code    26  __scatter_copy.o(!!handler_copy)
    __scatterload_zeroinit                   0x08000145   Thumb Code    28  __scatter_zi.o(!!handler_zi)
    _printf_n                                0x08000161   Thumb Code     0  _printf_n.o(.ARM.Collect$$_printf_percent$$00000001)
    _printf_percent                          0x08000161   Thumb Code     0  _printf_percent.o(.ARM.Collect$$_printf_percent$$00000000)
    _printf_p                                0x08000167   Thumb Code     0  _printf_p.o(.ARM.Collect$$_printf_percent$$00000002)
    _printf_f                                0x0800016d   Thumb Code     0  _printf_f.o(.ARM.Collect$$_printf_percent$$00000003)
    _printf_e                                0x08000173   Thumb Code     0  _printf_e.o(.ARM.Collect$$_printf_percent$$00000004)
    _printf_g                                0x08000179   Thumb Code     0  _printf_g.o(.ARM.Collect$$_printf_percent$$00000005)
    _printf_a                                0x0800017f   Thumb Code     0  _printf_a.o(.ARM.Collect$$_printf_percent$$00000006)
    _printf_ll                               0x08000185   Thumb Code     0  _printf_ll.o(.ARM.Collect$$_printf_percent$$00000007)
    _printf_i                                0x0800018f   Thumb Code     0  _printf_i.o(.ARM.Collect$$_printf_percent$$00000008)
    _printf_d                                0x08000195   Thumb Code     0  _printf_d.o(.ARM.Collect$$_printf_percent$$00000009)
    _printf_u                                0x0800019b   Thumb Code     0  _printf_u.o(.ARM.Collect$$_printf_percent$$0000000A)
    _printf_o                                0x080001a1   Thumb Code     0  _printf_o.o(.ARM.Collect$$_printf_percent$$0000000B)
    _printf_x                                0x080001a7   Thumb Code     0  _printf_x.o(.ARM.Collect$$_printf_percent$$0000000C)
    _printf_lli                              0x080001ad   Thumb Code     0  _printf_lli.o(.ARM.Collect$$_printf_percent$$0000000D)
    _printf_lld                              0x080001b3   Thumb Code     0  _printf_lld.o(.ARM.Collect$$_printf_percent$$0000000E)
    _printf_llu                              0x080001b9   Thumb Code     0  _printf_llu.o(.ARM.Collect$$_printf_percent$$0000000F)
    _printf_llo                              0x080001bf   Thumb Code     0  _printf_llo.o(.ARM.Collect$$_printf_percent$$00000010)
    _printf_llx                              0x080001c5   Thumb Code     0  _printf_llx.o(.ARM.Collect$$_printf_percent$$00000011)
    _printf_l                                0x080001cb   Thumb Code     0  _printf_l.o(.ARM.Collect$$_printf_percent$$00000012)
    _printf_c                                0x080001d5   Thumb Code     0  _printf_c.o(.ARM.Collect$$_printf_percent$$00000013)
    _printf_s                                0x080001db   Thumb Code     0  _printf_s.o(.ARM.Collect$$_printf_percent$$00000014)
    _printf_lc                               0x080001e1   Thumb Code     0  _printf_lc.o(.ARM.Collect$$_printf_percent$$00000015)
    _printf_ls                               0x080001e7   Thumb Code     0  _printf_ls.o(.ARM.Collect$$_printf_percent$$00000016)
    _printf_percent_end                      0x080001ed   Thumb Code     0  _printf_percent_end.o(.ARM.Collect$$_printf_percent$$00000017)
    __rt_lib_init                            0x080001f1   Thumb Code     0  libinit.o(.ARM.Collect$$libinit$$00000000)
    __rt_lib_init_fp_1                       0x080001f3   Thumb Code     0  libinit2.o(.ARM.Collect$$libinit$$00000002)
    __rt_lib_init_heap_1                     0x080001f3   Thumb Code     0  libinit2.o(.ARM.Collect$$libinit$$0000000A)
    __rt_lib_init_lc_common                  0x080001f3   Thumb Code     0  libinit2.o(.ARM.Collect$$libinit$$0000000F)
    __rt_lib_init_preinit_1                  0x080001f3   Thumb Code     0  libinit2.o(.ARM.Collect$$libinit$$00000004)
    __rt_lib_init_rand_1                     0x080001f3   Thumb Code     0  libinit2.o(.ARM.Collect$$libinit$$0000000E)
    __rt_lib_init_user_alloc_1               0x080001f3   Thumb Code     0  libinit2.o(.ARM.Collect$$libinit$$0000000C)
    __rt_lib_init_lc_collate_1               0x080001f9   Thumb Code     0  libinit2.o(.ARM.Collect$$libinit$$00000011)
    __rt_lib_init_lc_ctype_2                 0x080001f9   Thumb Code     0  libinit2.o(.ARM.Collect$$libinit$$00000012)
    __rt_lib_init_lc_ctype_1                 0x08000205   Thumb Code     0  libinit2.o(.ARM.Collect$$libinit$$00000013)
    __rt_lib_init_lc_monetary_1              0x08000205   Thumb Code     0  libinit2.o(.ARM.Collect$$libinit$$00000015)
    __rt_lib_init_lc_numeric_2               0x08000205   Thumb Code     0  libinit2.o(.ARM.Collect$$libinit$$00000016)
    __rt_lib_init_alloca_1                   0x0800020f   Thumb Code     0  libinit2.o(.ARM.Collect$$libinit$$0000002E)
    __rt_lib_init_argv_1                     0x0800020f   Thumb Code     0  libinit2.o(.ARM.Collect$$libinit$$0000002C)
    __rt_lib_init_atexit_1                   0x0800020f   Thumb Code     0  libinit2.o(.ARM.Collect$$libinit$$0000001B)
    __rt_lib_init_clock_1                    0x0800020f   Thumb Code     0  libinit2.o(.ARM.Collect$$libinit$$00000021)
    __rt_lib_init_cpp_1                      0x0800020f   Thumb Code     0  libinit2.o(.ARM.Collect$$libinit$$00000032)
    __rt_lib_init_exceptions_1               0x0800020f   Thumb Code     0  libinit2.o(.ARM.Collect$$libinit$$00000030)
    __rt_lib_init_fp_trap_1                  0x0800020f   Thumb Code     0  libinit2.o(.ARM.Collect$$libinit$$0000001F)
    __rt_lib_init_getenv_1                   0x0800020f   Thumb Code     0  libinit2.o(.ARM.Collect$$libinit$$00000023)
    __rt_lib_init_lc_numeric_1               0x0800020f   Thumb Code     0  libinit2.o(.ARM.Collect$$libinit$$00000017)
    __rt_lib_init_lc_time_1                  0x0800020f   Thumb Code     0  libinit2.o(.ARM.Collect$$libinit$$00000019)
    __rt_lib_init_return                     0x0800020f   Thumb Code     0  libinit2.o(.ARM.Collect$$libinit$$00000033)
    __rt_lib_init_signal_1                   0x0800020f   Thumb Code     0  libinit2.o(.ARM.Collect$$libinit$$0000001D)
    __rt_lib_init_stdio_1                    0x0800020f   Thumb Code     0  libinit2.o(.ARM.Collect$$libinit$$00000025)
    __rt_lib_shutdown                        0x08000211   Thumb Code     0  libshutdown.o(.ARM.Collect$$libshutdown$$00000000)
    __rt_lib_shutdown_cpp_1                  0x08000213   Thumb Code     0  libshutdown2.o(.ARM.Collect$$libshutdown$$00000004)
    __rt_lib_shutdown_fini_1                 0x08000213   Thumb Code     0  libshutdown2.o(.ARM.Collect$$libshutdown$$00000002)
    __rt_lib_shutdown_fp_trap_1              0x08000213   Thumb Code     0  libshutdown2.o(.ARM.Collect$$libshutdown$$00000009)
    __rt_lib_shutdown_heap_1                 0x08000213   Thumb Code     0  libshutdown2.o(.ARM.Collect$$libshutdown$$00000011)
    __rt_lib_shutdown_return                 0x08000213   Thumb Code     0  libshutdown2.o(.ARM.Collect$$libshutdown$$00000012)
    __rt_lib_shutdown_signal_1               0x08000213   Thumb Code     0  libshutdown2.o(.ARM.Collect$$libshutdown$$0000000C)
    __rt_lib_shutdown_stdio_1                0x08000213   Thumb Code     0  libshutdown2.o(.ARM.Collect$$libshutdown$$00000006)
    __rt_lib_shutdown_user_alloc_1           0x08000213   Thumb Code     0  libshutdown2.o(.ARM.Collect$$libshutdown$$0000000E)
    __rt_entry                               0x08000215   Thumb Code     0  __rtentry.o(.ARM.Collect$$rtentry$$00000000)
    __rt_entry_presh_1                       0x08000215   Thumb Code     0  __rtentry2.o(.ARM.Collect$$rtentry$$00000002)
    __rt_entry_sh                            0x08000215   Thumb Code     0  __rtentry4.o(.ARM.Collect$$rtentry$$00000004)
    __rt_entry_li                            0x0800021b   Thumb Code     0  __rtentry2.o(.ARM.Collect$$rtentry$$0000000A)
    __rt_entry_postsh_1                      0x0800021b   Thumb Code     0  __rtentry2.o(.ARM.Collect$$rtentry$$00000009)
    __rt_entry_main                          0x0800021f   Thumb Code     0  __rtentry2.o(.ARM.Collect$$rtentry$$0000000D)
    __rt_entry_postli_1                      0x0800021f   Thumb Code     0  __rtentry2.o(.ARM.Collect$$rtentry$$0000000C)
    __rt_exit                                0x08000227   Thumb Code     0  rtexit.o(.ARM.Collect$$rtexit$$00000000)
    __rt_exit_ls                             0x08000229   Thumb Code     0  rtexit2.o(.ARM.Collect$$rtexit$$00000003)
    __rt_exit_prels_1                        0x08000229   Thumb Code     0  rtexit2.o(.ARM.Collect$$rtexit$$00000002)
    __rt_exit_exit                           0x0800022d   Thumb Code     0  rtexit2.o(.ARM.Collect$$rtexit$$00000004)
    Reset_Handler                            0x08000235   Thumb Code     8  startup_stm32f103xb.o(.text)
    ADC1_2_IRQHandler                        0x0800024f   Thumb Code     0  startup_stm32f103xb.o(.text)
    CAN1_RX1_IRQHandler                      0x0800024f   Thumb Code     0  startup_stm32f103xb.o(.text)
    CAN1_SCE_IRQHandler                      0x0800024f   Thumb Code     0  startup_stm32f103xb.o(.text)
    DMA1_Channel1_IRQHandler                 0x0800024f   Thumb Code     0  startup_stm32f103xb.o(.text)
    DMA1_Channel2_IRQHandler                 0x0800024f   Thumb Code     0  startup_stm32f103xb.o(.text)
    DMA1_Channel3_IRQHandler                 0x0800024f   Thumb Code     0  startup_stm32f103xb.o(.text)
    DMA1_Channel4_IRQHandler                 0x0800024f   Thumb Code     0  startup_stm32f103xb.o(.text)
    DMA1_Channel5_IRQHandler                 0x0800024f   Thumb Code     0  startup_stm32f103xb.o(.text)
    DMA1_Channel6_IRQHandler                 0x0800024f   Thumb Code     0  startup_stm32f103xb.o(.text)
    DMA1_Channel7_IRQHandler                 0x0800024f   Thumb Code     0  startup_stm32f103xb.o(.text)
    EXTI0_IRQHandler                         0x0800024f   Thumb Code     0  startup_stm32f103xb.o(.text)
    EXTI15_10_IRQHandler                     0x0800024f   Thumb Code     0  startup_stm32f103xb.o(.text)
    EXTI1_IRQHandler                         0x0800024f   Thumb Code     0  startup_stm32f103xb.o(.text)
    EXTI2_IRQHandler                         0x0800024f   Thumb Code     0  startup_stm32f103xb.o(.text)
    EXTI3_IRQHandler                         0x0800024f   Thumb Code     0  startup_stm32f103xb.o(.text)
    EXTI4_IRQHandler                         0x0800024f   Thumb Code     0  startup_stm32f103xb.o(.text)
    EXTI9_5_IRQHandler                       0x0800024f   Thumb Code     0  startup_stm32f103xb.o(.text)
    FLASH_IRQHandler                         0x0800024f   Thumb Code     0  startup_stm32f103xb.o(.text)
    I2C1_ER_IRQHandler                       0x0800024f   Thumb Code     0  startup_stm32f103xb.o(.text)
    I2C1_EV_IRQHandler                       0x0800024f   Thumb Code     0  startup_stm32f103xb.o(.text)
    I2C2_ER_IRQHandler                       0x0800024f   Thumb Code     0  startup_stm32f103xb.o(.text)
    I2C2_EV_IRQHandler                       0x0800024f   Thumb Code     0  startup_stm32f103xb.o(.text)
    PVD_IRQHandler                           0x0800024f   Thumb Code     0  startup_stm32f103xb.o(.text)
    RCC_IRQHandler                           0x0800024f   Thumb Code     0  startup_stm32f103xb.o(.text)
    RTC_Alarm_IRQHandler                     0x0800024f   Thumb Code     0  startup_stm32f103xb.o(.text)
    RTC_IRQHandler                           0x0800024f   Thumb Code     0  startup_stm32f103xb.o(.text)
    SPI1_IRQHandler                          0x0800024f   Thumb Code     0  startup_stm32f103xb.o(.text)
    SPI2_IRQHandler                          0x0800024f   Thumb Code     0  startup_stm32f103xb.o(.text)
    TAMPER_IRQHandler                        0x0800024f   Thumb Code     0  startup_stm32f103xb.o(.text)
    TIM1_BRK_IRQHandler                      0x0800024f   Thumb Code     0  startup_stm32f103xb.o(.text)
    TIM1_CC_IRQHandler                       0x0800024f   Thumb Code     0  startup_stm32f103xb.o(.text)
    TIM1_TRG_COM_IRQHandler                  0x0800024f   Thumb Code     0  startup_stm32f103xb.o(.text)
    TIM1_UP_IRQHandler                       0x0800024f   Thumb Code     0  startup_stm32f103xb.o(.text)
    TIM3_IRQHandler                          0x0800024f   Thumb Code     0  startup_stm32f103xb.o(.text)
    TIM4_IRQHandler                          0x0800024f   Thumb Code     0  startup_stm32f103xb.o(.text)
    USART1_IRQHandler                        0x0800024f   Thumb Code     0  startup_stm32f103xb.o(.text)
    USART2_IRQHandler                        0x0800024f   Thumb Code     0  startup_stm32f103xb.o(.text)
    USART3_IRQHandler                        0x0800024f   Thumb Code     0  startup_stm32f103xb.o(.text)
    USBWakeUp_IRQHandler                     0x0800024f   Thumb Code     0  startup_stm32f103xb.o(.text)
    USB_HP_CAN1_TX_IRQHandler                0x0800024f   Thumb Code     0  startup_stm32f103xb.o(.text)
    USB_LP_CAN1_RX0_IRQHandler               0x0800024f   Thumb Code     0  startup_stm32f103xb.o(.text)
    WWDG_IRQHandler                          0x0800024f   Thumb Code     0  startup_stm32f103xb.o(.text)
    __user_initial_stackheap                 0x08000251   Thumb Code     0  startup_stm32f103xb.o(.text)
    __aeabi_llsr                             0x08000275   Thumb Code     0  llushr.o(.text)
    _ll_ushift_r                             0x08000275   Thumb Code    38  llushr.o(.text)
    vsprintf                                 0x0800029d   Thumb Code    32  vsprintf.o(.text)
    __aeabi_memclr                           0x080002c1   Thumb Code     0  rt_memclr.o(.text)
    __rt_memclr                              0x080002c1   Thumb Code    68  rt_memclr.o(.text)
    _memset                                  0x080002c5   Thumb Code     0  rt_memclr.o(.text)
    __aeabi_memclr4                          0x08000305   Thumb Code     0  rt_memclr_w.o(.text)
    __aeabi_memclr8                          0x08000305   Thumb Code     0  rt_memclr_w.o(.text)
    __rt_memclr_w                            0x08000305   Thumb Code    78  rt_memclr_w.o(.text)
    _memset_w                                0x08000309   Thumb Code     0  rt_memclr_w.o(.text)
    __use_two_region_memory                  0x08000353   Thumb Code     2  heapauxi.o(.text)
    __rt_heap_escrow$2region                 0x08000355   Thumb Code     2  heapauxi.o(.text)
    __rt_heap_expand$2region                 0x08000357   Thumb Code     2  heapauxi.o(.text)
    _printf_pre_padding                      0x08000359   Thumb Code    44  _printf_pad.o(.text)
    _printf_post_padding                     0x08000385   Thumb Code    34  _printf_pad.o(.text)
    _printf_truncate_signed                  0x080003a7   Thumb Code    18  _printf_truncate.o(.text)
    _printf_truncate_unsigned                0x080003b9   Thumb Code    18  _printf_truncate.o(.text)
    _printf_str                              0x080003cb   Thumb Code    82  _printf_str.o(.text)
    _printf_int_dec                          0x0800041d   Thumb Code   104  _printf_dec.o(.text)
    _printf_charcount                        0x08000495   Thumb Code    40  _printf_charcount.o(.text)
    _printf_char_common                      0x080004c7   Thumb Code    32  _printf_char_common.o(.text)
    _sputc                                   0x080004ed   Thumb Code    10  _sputc.o(.text)
    _printf_wctomb                           0x080004f9   Thumb Code   182  _printf_wctomb.o(.text)
    _printf_longlong_dec                     0x080005b5   Thumb Code   108  _printf_longlong_dec.o(.text)
    _printf_longlong_oct                     0x08000631   Thumb Code    66  _printf_oct_int_ll.o(.text)
    _printf_int_oct                          0x08000673   Thumb Code    24  _printf_oct_int_ll.o(.text)
    _printf_ll_oct                           0x0800068b   Thumb Code    12  _printf_oct_int_ll.o(.text)
    _printf_longlong_hex                     0x080006a1   Thumb Code    86  _printf_hex_int_ll_ptr.o(.text)
    _printf_int_hex                          0x080006f7   Thumb Code    28  _printf_hex_int_ll_ptr.o(.text)
    _printf_ll_hex                           0x08000713   Thumb Code    12  _printf_hex_int_ll_ptr.o(.text)
    _printf_hex_ptr                          0x0800071f   Thumb Code    18  _printf_hex_int_ll_ptr.o(.text)
    __printf                                 0x08000735   Thumb Code   388  __printf_flags_ss_wp.o(.text)
    _ll_udiv10                               0x080008bd   Thumb Code   138  lludiv10.o(.text)
    _printf_int_common                       0x08000947   Thumb Code   178  _printf_intcommon.o(.text)
    __lib_sel_fp_printf                      0x080009f9   Thumb Code     2  _printf_fp_dec.o(.text)
    _printf_fp_dec_real                      0x08000bab   Thumb Code   620  _printf_fp_dec.o(.text)
    _printf_fp_hex_real                      0x08000e19   Thumb Code   756  _printf_fp_hex.o(.text)
    _printf_cs_common                        0x08001115   Thumb Code    20  _printf_char.o(.text)
    _printf_char                             0x08001129   Thumb Code    16  _printf_char.o(.text)
    _printf_string                           0x08001139   Thumb Code     8  _printf_char.o(.text)
    _printf_lcs_common                       0x08001141   Thumb Code    20  _printf_wchar.o(.text)
    _printf_wchar                            0x08001155   Thumb Code    16  _printf_wchar.o(.text)
    _printf_wstring                          0x08001165   Thumb Code     8  _printf_wchar.o(.text)
    _wcrtomb                                 0x0800116d   Thumb Code    64  _wcrtomb.o(.text)
    __user_setup_stackheap                   0x080011ad   Thumb Code    74  sys_stackheap_outer.o(.text)
    __rt_ctype_table                         0x080011f9   Thumb Code    16  rt_ctype_table.o(.text)
    __rt_locale                              0x08001209   Thumb Code     8  rt_locale_intlibspace.o(.text)
    _printf_fp_infnan                        0x08001211   Thumb Code   112  _printf_fp_infnan.o(.text)
    _btod_etento                             0x08001291   Thumb Code   224  bigflt0.o(.text)
    exit                                     0x08001375   Thumb Code    18  exit.o(.text)
    __user_libspace                          0x08001389   Thumb Code     8  libspace.o(.text)
    __user_perproc_libspace                  0x08001389   Thumb Code     0  libspace.o(.text)
    __user_perthread_libspace                0x08001389   Thumb Code     0  libspace.o(.text)
    strcmp                                   0x08001391   Thumb Code   128  strcmpv7m.o(.text)
    _sys_exit                                0x08001411   Thumb Code     8  sys_exit.o(.text)
    __I$use$semihosting                      0x0800141d   Thumb Code     0  use_no_semi.o(.text)
    __use_no_semihosting_swi                 0x0800141d   Thumb Code     2  use_no_semi.o(.text)
    __semihosting_library_function           0x0800141f   Thumb Code     0  indicate_semi.o(.text)
    _btod_d2e                                0x0800141f   Thumb Code    62  btod.o(CL$$btod_d2e)
    _d2e_denorm_low                          0x0800145d   Thumb Code    70  btod.o(CL$$btod_d2e_denorm_low)
    _d2e_norm_op1                            0x080014a3   Thumb Code    96  btod.o(CL$$btod_d2e_norm_op1)
    __btod_div_common                        0x08001503   Thumb Code   696  btod.o(CL$$btod_div_common)
    _e2e                                     0x0800183b   Thumb Code   220  btod.o(CL$$btod_e2e)
    _btod_ediv                               0x08001917   Thumb Code    42  btod.o(CL$$btod_ediv)
    _btod_emul                               0x08001941   Thumb Code    42  btod.o(CL$$btod_emul)
    __btod_mult_common                       0x0800196b   Thumb Code   580  btod.o(CL$$btod_mult_common)
    BL_Print_Message                         0x0800245d   Thumb Code    52  bootloader.o(i.BL_Print_Message)
    BL_UART_Fetch_Host_Command               0x080024ed   Thumb Code   256  bootloader.o(i.BL_UART_Fetch_Host_Command)
    BusFault_Handler                         0x080026f7   Thumb Code     4  stm32f1xx_it.o(i.BusFault_Handler)
    DebugMon_Handler                         0x080026fb   Thumb Code     2  stm32f1xx_it.o(i.DebugMon_Handler)
    Error_Handler                            0x080026fd   Thumb Code     6  main.o(i.Error_Handler)
    FLASH_PageErase                          0x08002a55   Thumb Code    32  stm32f1xx_hal_flash_ex.o(i.FLASH_PageErase)
    FLASH_WaitForLastOperation               0x08002b21   Thumb Code   106  stm32f1xx_hal_flash.o(i.FLASH_WaitForLastOperation)
    HAL_CRC_Accumulate                       0x08002b91   Thumb Code    40  stm32f1xx_hal_crc.o(i.HAL_CRC_Accumulate)
    HAL_CRC_Init                             0x08002bb9   Thumb Code    32  stm32f1xx_hal_crc.o(i.HAL_CRC_Init)
    HAL_CRC_MspInit                          0x08002bd9   Thumb Code    40  crc.o(i.HAL_CRC_MspInit)
    HAL_FLASHEx_Erase                        0x08002c09   Thumb Code   168  stm32f1xx_hal_flash_ex.o(i.HAL_FLASHEx_Erase)
    HAL_FLASHEx_OBErase                      0x08002cb9   Thumb Code    88  stm32f1xx_hal_flash_ex.o(i.HAL_FLASHEx_OBErase)
    HAL_FLASHEx_OBGetConfig                  0x08002d19   Thumb Code    28  stm32f1xx_hal_flash_ex.o(i.HAL_FLASHEx_OBGetConfig)
    HAL_FLASHEx_OBProgram                    0x08002d35   Thumb Code   194  stm32f1xx_hal_flash_ex.o(i.HAL_FLASHEx_OBProgram)
    HAL_FLASH_Lock                           0x08002dfd   Thumb Code    16  stm32f1xx_hal_flash.o(i.HAL_FLASH_Lock)
    HAL_FLASH_OB_Launch                      0x08002e11   Thumb Code     8  stm32f1xx_hal_flash.o(i.HAL_FLASH_OB_Launch)
    HAL_FLASH_OB_Lock                        0x08002e19   Thumb Code    16  stm32f1xx_hal_flash.o(i.HAL_FLASH_OB_Lock)
    HAL_FLASH_OB_Unlock                      0x08002e2d   Thumb Code    30  stm32f1xx_hal_flash.o(i.HAL_FLASH_OB_Unlock)
    HAL_FLASH_Program                        0x08002e59   Thumb Code   168  stm32f1xx_hal_flash.o(i.HAL_FLASH_Program)
    HAL_FLASH_Unlock                         0x08002f09   Thumb Code    36  stm32f1xx_hal_flash.o(i.HAL_FLASH_Unlock)
    HAL_GPIO_Init                            0x08002f39   Thumb Code   766  stm32f1xx_hal_gpio.o(i.HAL_GPIO_Init)
    HAL_GetTick                              0x08003259   Thumb Code     6  stm32f1xx_hal.o(i.HAL_GetTick)
    HAL_IncTick                              0x08003265   Thumb Code    16  stm32f1xx_hal.o(i.HAL_IncTick)
    HAL_Init                                 0x0800327d   Thumb Code    34  stm32f1xx_hal.o(i.HAL_Init)
    HAL_InitTick                             0x080032a5   Thumb Code    64  stm32f1xx_hal.o(i.HAL_InitTick)
    HAL_MspInit                              0x080032f1   Thumb Code    58  stm32f1xx_hal_msp.o(i.HAL_MspInit)
    HAL_NVIC_SetPriority                     0x08003331   Thumb Code   124  stm32f1xx_hal_cortex.o(i.HAL_NVIC_SetPriority)
    HAL_NVIC_SetPriorityGrouping             0x080033ad   Thumb Code    32  stm32f1xx_hal_cortex.o(i.HAL_NVIC_SetPriorityGrouping)
    HAL_NVIC_SystemReset                     0x080033d5   Thumb Code    60  stm32f1xx_hal_cortex.o(i.HAL_NVIC_SystemReset)
    HAL_RCC_ClockConfig                      0x08003419   Thumb Code   376  stm32f1xx_hal_rcc.o(i.HAL_RCC_ClockConfig)
    HAL_RCC_DeInit                           0x080035a5   Thumb Code   254  stm32f1xx_hal_rcc.o(i.HAL_RCC_DeInit)
    HAL_RCC_GetHCLKFreq                      0x080036b5   Thumb Code     6  stm32f1xx_hal_rcc.o(i.HAL_RCC_GetHCLKFreq)
    HAL_RCC_GetPCLK1Freq                     0x080036c1   Thumb Code    22  stm32f1xx_hal_rcc.o(i.HAL_RCC_GetPCLK1Freq)
    HAL_RCC_GetPCLK2Freq                     0x080036e1   Thumb Code    22  stm32f1xx_hal_rcc.o(i.HAL_RCC_GetPCLK2Freq)
    HAL_RCC_GetSysClockFreq                  0x08003701   Thumb Code   116  stm32f1xx_hal_rcc.o(i.HAL_RCC_GetSysClockFreq)
    HAL_RCC_OscConfig                        0x08003795   Thumb Code  1114  stm32f1xx_hal_rcc.o(i.HAL_RCC_OscConfig)
    HAL_SYSTICK_Config                       0x08003bf9   Thumb Code    52  stm32f1xx_hal_cortex.o(i.HAL_SYSTICK_Config)
    HAL_UART_Init                            0x08003c2d   Thumb Code   114  stm32f1xx_hal_uart.o(i.HAL_UART_Init)
    HAL_UART_MspInit                         0x08003ca1   Thumb Code   224  usart.o(i.HAL_UART_MspInit)
    HAL_UART_Receive                         0x08003d91   Thumb Code   220  stm32f1xx_hal_uart.o(i.HAL_UART_Receive)
    HAL_UART_Transmit                        0x08003e6d   Thumb Code   210  stm32f1xx_hal_uart.o(i.HAL_UART_Transmit)
    HardFault_Handler                        0x08003f3f   Thumb Code     4  stm32f1xx_it.o(i.HardFault_Handler)
    MX_CRC_Init                              0x08003f45   Thumb Code    22  crc.o(i.MX_CRC_Init)
    MX_GPIO_Init                             0x08003f65   Thumb Code    58  gpio.o(i.MX_GPIO_Init)
    MX_USART1_UART_Init                      0x08003fa5   Thumb Code    46  usart.o(i.MX_USART1_UART_Init)
    MX_USART2_UART_Init                      0x08003fdd   Thumb Code    46  usart.o(i.MX_USART2_UART_Init)
    MemManage_Handler                        0x08004015   Thumb Code     4  stm32f1xx_it.o(i.MemManage_Handler)
    NMI_Handler                              0x08004019   Thumb Code     4  stm32f1xx_it.o(i.NMI_Handler)
    PendSV_Handler                           0x0800401d   Thumb Code     2  stm32f1xx_it.o(i.PendSV_Handler)
    SVC_Handler                              0x08004049   Thumb Code     2  stm32f1xx_it.o(i.SVC_Handler)
    SysTick_Handler                          0x0800404b   Thumb Code     8  stm32f1xx_it.o(i.SysTick_Handler)
    SystemClock_Config                       0x08004053   Thumb Code    78  main.o(i.SystemClock_Config)
    SystemInit                               0x080040a1   Thumb Code     2  system_stm32f1xx.o(i.SystemInit)
    TIM2_IRQHandler                          0x080040a5   Thumb Code    16  main.o(i.TIM2_IRQHandler)
    UsageFault_Handler                       0x08004221   Thumb Code     4  stm32f1xx_it.o(i.UsageFault_Handler)
    __ARM_fpclassify                         0x08004225   Thumb Code    40  fpclassify.o(i.__ARM_fpclassify)
    _is_digit                                0x08004285   Thumb Code    14  __printf_wp.o(i._is_digit)
    main                                     0x08004295   Thumb Code    38  main.o(i.main)
    _get_lc_numeric                          0x080042c9   Thumb Code    44  lc_numeric_c.o(locale$$code)
    _get_lc_ctype                            0x080042f5   Thumb Code    44  lc_ctype_c.o(locale$$code)
    _printf_fp_dec                           0x08004321   Thumb Code     4  printf1.o(x$fpl$printf1)
    _printf_fp_hex                           0x08004325   Thumb Code     4  printf2.o(x$fpl$printf2)
    AHBPrescTable                            0x08004328   Data          16  system_stm32f1xx.o(.constdata)
    __I$use$fp                               0x08004328   Number         0  usenofp.o(x$fpl$usenofp)
    APBPrescTable                            0x08004338   Data           8  system_stm32f1xx.o(.constdata)
    Region$$Table$$Base                      0x080044c4   Number         0  anon$$obj.o(Region$$Table)
    Region$$Table$$Limit                     0x080044e4   Number         0  anon$$obj.o(Region$$Table)
    __ctype                                  0x0800450d   Data           0  lc_ctype_c.o(locale$$data)
    hcrc                                     0x20000000   Data           8  crc.o(.data)
    uwTick                                   0x20000008   Data           4  stm32f1xx_hal.o(.data)
    uwTickPrio                               0x2000000c   Data           4  stm32f1xx_hal.o(.data)
    uwTickFreq                               0x20000010   Data           1  stm32f1xx_hal.o(.data)
    SystemCoreClock                          0x20000014   Data           4  system_stm32f1xx.o(.data)
    BL_Supported_Commands                    0x20000018   Data          12  bootloader.o(.data)
    huart1                                   0x20000024   Data          68  usart.o(.bss)
    huart2                                   0x20000068   Data          68  usart.o(.bss)
    pFlash                                   0x200000b0   Data          32  stm32f1xx_hal_flash.o(.bss)
    __libspace_start                         0x20000198   Data          96  libspace.o(.bss)
    __temporary_stack_top$libspace           0x200001f8   Data           0  libspace.o(.bss)



==============================================================================

Memory Map of the image

  Image Entry point : 0x080000ed

  Load Region LR_IROM1 (Base: 0x08000000, Size: 0x00004634, Max: 0x00010000, ABSOLUTE)

    Execution Region ER_IROM1 (Exec base: 0x08000000, Load base: 0x08000000, Size: 0x00004610, Max: 0x00010000, ABSOLUTE)

    Exec Addr    Load Addr    Size         Type   Attr      Idx    E Section Name        Object

    0x08000000   0x08000000   0x000000ec   Data   RO            3    RESET               startup_stm32f103xb.o
    0x080000ec   0x080000ec   0x00000008   Code   RO         2077  * !!!main             c_w.l(__main.o)
    0x080000f4   0x080000f4   0x00000034   Code   RO         2400    !!!scatter          c_w.l(__scatter.o)
    0x08000128   0x08000128   0x0000001a   Code   RO         2402    !!handler_copy      c_w.l(__scatter_copy.o)
    0x08000142   0x08000142   0x00000002   PAD
    0x08000144   0x08000144   0x0000001c   Code   RO         2404    !!handler_zi        c_w.l(__scatter_zi.o)
    0x08000160   0x08000160   0x00000000   Code   RO         2161    .ARM.Collect$$_printf_percent$$00000000  c_w.l(_printf_percent.o)
    0x08000160   0x08000160   0x00000006   Code   RO         2150    .ARM.Collect$$_printf_percent$$00000001  c_w.l(_printf_n.o)
    0x08000166   0x08000166   0x00000006   Code   RO         2152    .ARM.Collect$$_printf_percent$$00000002  c_w.l(_printf_p.o)
    0x0800016c   0x0800016c   0x00000006   Code   RO         2157    .ARM.Collect$$_printf_percent$$00000003  c_w.l(_printf_f.o)
    0x08000172   0x08000172   0x00000006   Code   RO         2158    .ARM.Collect$$_printf_percent$$00000004  c_w.l(_printf_e.o)
    0x08000178   0x08000178   0x00000006   Code   RO         2159    .ARM.Collect$$_printf_percent$$00000005  c_w.l(_printf_g.o)
    0x0800017e   0x0800017e   0x00000006   Code   RO         2160    .ARM.Collect$$_printf_percent$$00000006  c_w.l(_printf_a.o)
    0x08000184   0x08000184   0x0000000a   Code   RO         2165    .ARM.Collect$$_printf_percent$$00000007  c_w.l(_printf_ll.o)
    0x0800018e   0x0800018e   0x00000006   Code   RO         2154    .ARM.Collect$$_printf_percent$$00000008  c_w.l(_printf_i.o)
    0x08000194   0x08000194   0x00000006   Code   RO         2155    .ARM.Collect$$_printf_percent$$00000009  c_w.l(_printf_d.o)
    0x0800019a   0x0800019a   0x00000006   Code   RO         2156    .ARM.Collect$$_printf_percent$$0000000A  c_w.l(_printf_u.o)
    0x080001a0   0x080001a0   0x00000006   Code   RO         2153    .ARM.Collect$$_printf_percent$$0000000B  c_w.l(_printf_o.o)
    0x080001a6   0x080001a6   0x00000006   Code   RO         2151    .ARM.Collect$$_printf_percent$$0000000C  c_w.l(_printf_x.o)
    0x080001ac   0x080001ac   0x00000006   Code   RO         2162    .ARM.Collect$$_printf_percent$$0000000D  c_w.l(_printf_lli.o)
    0x080001b2   0x080001b2   0x00000006   Code   RO         2163    .ARM.Collect$$_printf_percent$$0000000E  c_w.l(_printf_lld.o)
    0x080001b8   0x080001b8   0x00000006   Code   RO         2164    .ARM.Collect$$_printf_percent$$0000000F  c_w.l(_printf_llu.o)
    0x080001be   0x080001be   0x00000006   Code   RO         2169    .ARM.Collect$$_printf_percent$$00000010  c_w.l(_printf_llo.o)
    0x080001c4   0x080001c4   0x00000006   Code   RO         2170    .ARM.Collect$$_printf_percent$$00000011  c_w.l(_printf_llx.o)
    0x080001ca   0x080001ca   0x0000000a   Code   RO         2166    .ARM.Collect$$_printf_percent$$00000012  c_w.l(_printf_l.o)
    0x080001d4   0x080001d4   0x00000006   Code   RO         2148    .ARM.Collect$$_printf_percent$$00000013  c_w.l(_printf_c.o)
    0x080001da   0x080001da   0x00000006   Code   RO         2149    .ARM.Collect$$_printf_percent$$00000014  c_w.l(_printf_s.o)
    0x080001e0   0x080001e0   0x00000006   Code   RO         2167    .ARM.Collect$$_printf_percent$$00000015  c_w.l(_printf_lc.o)
    0x080001e6   0x080001e6   0x00000006   Code   RO         2168    .ARM.Collect$$_printf_percent$$00000016  c_w.l(_printf_ls.o)
    0x080001ec   0x080001ec   0x00000004   Code   RO         2209    .ARM.Collect$$_printf_percent$$00000017  c_w.l(_printf_percent_end.o)
    0x080001f0   0x080001f0   0x00000002   Code   RO         2258    .ARM.Collect$$libinit$$00000000  c_w.l(libinit.o)
    0x080001f2   0x080001f2   0x00000000   Code   RO         2275    .ARM.Collect$$libinit$$00000002  c_w.l(libinit2.o)
    0x080001f2   0x080001f2   0x00000000   Code   RO         2277    .ARM.Collect$$libinit$$00000004  c_w.l(libinit2.o)
    0x080001f2   0x080001f2   0x00000000   Code   RO         2280    .ARM.Collect$$libinit$$0000000A  c_w.l(libinit2.o)
    0x080001f2   0x080001f2   0x00000000   Code   RO         2282    .ARM.Collect$$libinit$$0000000C  c_w.l(libinit2.o)
    0x080001f2   0x080001f2   0x00000000   Code   RO         2284    .ARM.Collect$$libinit$$0000000E  c_w.l(libinit2.o)
    0x080001f2   0x080001f2   0x00000006   Code   RO         2285    .ARM.Collect$$libinit$$0000000F  c_w.l(libinit2.o)
    0x080001f8   0x080001f8   0x00000000   Code   RO         2287    .ARM.Collect$$libinit$$00000011  c_w.l(libinit2.o)
    0x080001f8   0x080001f8   0x0000000c   Code   RO         2288    .ARM.Collect$$libinit$$00000012  c_w.l(libinit2.o)
    0x08000204   0x08000204   0x00000000   Code   RO         2289    .ARM.Collect$$libinit$$00000013  c_w.l(libinit2.o)
    0x08000204   0x08000204   0x00000000   Code   RO         2291    .ARM.Collect$$libinit$$00000015  c_w.l(libinit2.o)
    0x08000204   0x08000204   0x0000000a   Code   RO         2292    .ARM.Collect$$libinit$$00000016  c_w.l(libinit2.o)
    0x0800020e   0x0800020e   0x00000000   Code   RO         2293    .ARM.Collect$$libinit$$00000017  c_w.l(libinit2.o)
    0x0800020e   0x0800020e   0x00000000   Code   RO         2295    .ARM.Collect$$libinit$$00000019  c_w.l(libinit2.o)
    0x0800020e   0x0800020e   0x00000000   Code   RO         2297    .ARM.Collect$$libinit$$0000001B  c_w.l(libinit2.o)
    0x0800020e   0x0800020e   0x00000000   Code   RO         2299    .ARM.Collect$$libinit$$0000001D  c_w.l(libinit2.o)
    0x0800020e   0x0800020e   0x00000000   Code   RO         2301    .ARM.Collect$$libinit$$0000001F  c_w.l(libinit2.o)
    0x0800020e   0x0800020e   0x00000000   Code   RO         2303    .ARM.Collect$$libinit$$00000021  c_w.l(libinit2.o)
    0x0800020e   0x0800020e   0x00000000   Code   RO         2305    .ARM.Collect$$libinit$$00000023  c_w.l(libinit2.o)
    0x0800020e   0x0800020e   0x00000000   Code   RO         2307    .ARM.Collect$$libinit$$00000025  c_w.l(libinit2.o)
    0x0800020e   0x0800020e   0x00000000   Code   RO         2311    .ARM.Collect$$libinit$$0000002C  c_w.l(libinit2.o)
    0x0800020e   0x0800020e   0x00000000   Code   RO         2313    .ARM.Collect$$libinit$$0000002E  c_w.l(libinit2.o)
    0x0800020e   0x0800020e   0x00000000   Code   RO         2315    .ARM.Collect$$libinit$$00000030  c_w.l(libinit2.o)
    0x0800020e   0x0800020e   0x00000000   Code   RO         2317    .ARM.Collect$$libinit$$00000032  c_w.l(libinit2.o)
    0x0800020e   0x0800020e   0x00000002   Code   RO         2318    .ARM.Collect$$libinit$$00000033  c_w.l(libinit2.o)
    0x08000210   0x08000210   0x00000002   Code   RO         2338    .ARM.Collect$$libshutdown$$00000000  c_w.l(libshutdown.o)
    0x08000212   0x08000212   0x00000000   Code   RO         2351    .ARM.Collect$$libshutdown$$00000002  c_w.l(libshutdown2.o)
    0x08000212   0x08000212   0x00000000   Code   RO         2353    .ARM.Collect$$libshutdown$$00000004  c_w.l(libshutdown2.o)
    0x08000212   0x08000212   0x00000000   Code   RO         2355    .ARM.Collect$$libshutdown$$00000006  c_w.l(libshutdown2.o)
    0x08000212   0x08000212   0x00000000   Code   RO         2358    .ARM.Collect$$libshutdown$$00000009  c_w.l(libshutdown2.o)
    0x08000212   0x08000212   0x00000000   Code   RO         2361    .ARM.Collect$$libshutdown$$0000000C  c_w.l(libshutdown2.o)
    0x08000212   0x08000212   0x00000000   Code   RO         2363    .ARM.Collect$$libshutdown$$0000000E  c_w.l(libshutdown2.o)
    0x08000212   0x08000212   0x00000000   Code   RO         2366    .ARM.Collect$$libshutdown$$00000011  c_w.l(libshutdown2.o)
    0x08000212   0x08000212   0x00000002   Code   RO         2367    .ARM.Collect$$libshutdown$$00000012  c_w.l(libshutdown2.o)
    0x08000214   0x08000214   0x00000000   Code   RO         2079    .ARM.Collect$$rtentry$$00000000  c_w.l(__rtentry.o)
    0x08000214   0x08000214   0x00000000   Code   RO         2180    .ARM.Collect$$rtentry$$00000002  c_w.l(__rtentry2.o)
    0x08000214   0x08000214   0x00000006   Code   RO         2192    .ARM.Collect$$rtentry$$00000004  c_w.l(__rtentry4.o)
    0x0800021a   0x0800021a   0x00000000   Code   RO         2182    .ARM.Collect$$rtentry$$00000009  c_w.l(__rtentry2.o)
    0x0800021a   0x0800021a   0x00000004   Code   RO         2183    .ARM.Collect$$rtentry$$0000000A  c_w.l(__rtentry2.o)
    0x0800021e   0x0800021e   0x00000000   Code   RO         2185    .ARM.Collect$$rtentry$$0000000C  c_w.l(__rtentry2.o)
    0x0800021e   0x0800021e   0x00000008   Code   RO         2186    .ARM.Collect$$rtentry$$0000000D  c_w.l(__rtentry2.o)
    0x08000226   0x08000226   0x00000002   Code   RO         2267    .ARM.Collect$$rtexit$$00000000  c_w.l(rtexit.o)
    0x08000228   0x08000228   0x00000000   Code   RO         2320    .ARM.Collect$$rtexit$$00000002  c_w.l(rtexit2.o)
    0x08000228   0x08000228   0x00000004   Code   RO         2321    .ARM.Collect$$rtexit$$00000003  c_w.l(rtexit2.o)
    0x0800022c   0x0800022c   0x00000006   Code   RO         2322    .ARM.Collect$$rtexit$$00000004  c_w.l(rtexit2.o)
    0x08000232   0x08000232   0x00000002   PAD
    0x08000234   0x08000234   0x00000040   Code   RO            4    .text               startup_stm32f103xb.o
    0x08000274   0x08000274   0x00000026   Code   RO         2067    .text               c_w.l(llushr.o)
    0x0800029a   0x0800029a   0x00000002   PAD
    0x0800029c   0x0800029c   0x00000024   Code   RO         2069    .text               c_w.l(vsprintf.o)
    0x080002c0   0x080002c0   0x00000044   Code   RO         2071    .text               c_w.l(rt_memclr.o)
    0x08000304   0x08000304   0x0000004e   Code   RO         2073    .text               c_w.l(rt_memclr_w.o)
    0x08000352   0x08000352   0x00000006   Code   RO         2075    .text               c_w.l(heapauxi.o)
    0x08000358   0x08000358   0x0000004e   Code   RO         2082    .text               c_w.l(_printf_pad.o)
    0x080003a6   0x080003a6   0x00000024   Code   RO         2084    .text               c_w.l(_printf_truncate.o)
    0x080003ca   0x080003ca   0x00000052   Code   RO         2086    .text               c_w.l(_printf_str.o)
    0x0800041c   0x0800041c   0x00000078   Code   RO         2088    .text               c_w.l(_printf_dec.o)
    0x08000494   0x08000494   0x00000028   Code   RO         2090    .text               c_w.l(_printf_charcount.o)
    0x080004bc   0x080004bc   0x00000030   Code   RO         2092    .text               c_w.l(_printf_char_common.o)
    0x080004ec   0x080004ec   0x0000000a   Code   RO         2094    .text               c_w.l(_sputc.o)
    0x080004f6   0x080004f6   0x00000002   PAD
    0x080004f8   0x080004f8   0x000000bc   Code   RO         2096    .text               c_w.l(_printf_wctomb.o)
    0x080005b4   0x080005b4   0x0000007c   Code   RO         2099    .text               c_w.l(_printf_longlong_dec.o)
    0x08000630   0x08000630   0x00000070   Code   RO         2105    .text               c_w.l(_printf_oct_int_ll.o)
    0x080006a0   0x080006a0   0x00000094   Code   RO         2125    .text               c_w.l(_printf_hex_int_ll_ptr.o)
    0x08000734   0x08000734   0x00000188   Code   RO         2145    .text               c_w.l(__printf_flags_ss_wp.o)
    0x080008bc   0x080008bc   0x0000008a   Code   RO         2194    .text               c_w.l(lludiv10.o)
    0x08000946   0x08000946   0x000000b2   Code   RO         2196    .text               c_w.l(_printf_intcommon.o)
    0x080009f8   0x080009f8   0x0000041e   Code   RO         2198    .text               c_w.l(_printf_fp_dec.o)
    0x08000e16   0x08000e16   0x00000002   PAD
    0x08000e18   0x08000e18   0x000002fc   Code   RO         2200    .text               c_w.l(_printf_fp_hex.o)
    0x08001114   0x08001114   0x0000002c   Code   RO         2205    .text               c_w.l(_printf_char.o)
    0x08001140   0x08001140   0x0000002c   Code   RO         2207    .text               c_w.l(_printf_wchar.o)
    0x0800116c   0x0800116c   0x00000040   Code   RO         2210    .text               c_w.l(_wcrtomb.o)
    0x080011ac   0x080011ac   0x0000004a   Code   RO         2212    .text               c_w.l(sys_stackheap_outer.o)
    0x080011f6   0x080011f6   0x00000002   PAD
    0x080011f8   0x080011f8   0x00000010   Code   RO         2214    .text               c_w.l(rt_ctype_table.o)
    0x08001208   0x08001208   0x00000008   Code   RO         2219    .text               c_w.l(rt_locale_intlibspace.o)
    0x08001210   0x08001210   0x00000080   Code   RO         2221    .text               c_w.l(_printf_fp_infnan.o)
    0x08001290   0x08001290   0x000000e4   Code   RO         2223    .text               c_w.l(bigflt0.o)
    0x08001374   0x08001374   0x00000012   Code   RO         2251    .text               c_w.l(exit.o)
    0x08001386   0x08001386   0x00000002   PAD
    0x08001388   0x08001388   0x00000008   Code   RO         2264    .text               c_w.l(libspace.o)
    0x08001390   0x08001390   0x00000080   Code   RO         2272    .text               c_w.l(strcmpv7m.o)
    0x08001410   0x08001410   0x0000000c   Code   RO         2330    .text               c_w.l(sys_exit.o)
    0x0800141c   0x0800141c   0x00000002   Code   RO         2341    .text               c_w.l(use_no_semi.o)
    0x0800141e   0x0800141e   0x00000000   Code   RO         2343    .text               c_w.l(indicate_semi.o)
    0x0800141e   0x0800141e   0x0000003e   Code   RO         2226    CL$$btod_d2e        c_w.l(btod.o)
    0x0800145c   0x0800145c   0x00000046   Code   RO         2228    CL$$btod_d2e_denorm_low  c_w.l(btod.o)
    0x080014a2   0x080014a2   0x00000060   Code   RO         2227    CL$$btod_d2e_norm_op1  c_w.l(btod.o)
    0x08001502   0x08001502   0x00000338   Code   RO         2236    CL$$btod_div_common  c_w.l(btod.o)
    0x0800183a   0x0800183a   0x000000dc   Code   RO         2233    CL$$btod_e2e        c_w.l(btod.o)
    0x08001916   0x08001916   0x0000002a   Code   RO         2230    CL$$btod_ediv       c_w.l(btod.o)
    0x08001940   0x08001940   0x0000002a   Code   RO         2229    CL$$btod_emul       c_w.l(btod.o)
    0x0800196a   0x0800196a   0x00000244   Code   RO         2235    CL$$btod_mult_common  c_w.l(btod.o)
    0x08001bae   0x08001bae   0x00000002   PAD
    0x08001bb0   0x08001bb0   0x00000054   Code   RO         1909    i.BL_CRC_Verify     bootloader.o
    0x08001c04   0x08001c04   0x00000060   Code   RO         1910    i.BL_Change_ROP_Level  bootloader.o
    0x08001c64   0x08001c64   0x00000094   Code   RO         1911    i.BL_Change_Read_Protection_Level  bootloader.o
    0x08001cf8   0x08001cf8   0x00000002   Code   RO         1912    i.BL_Enable_RW_Protection  bootloader.o
    0x08001cfa   0x08001cfa   0x00000002   PAD
    0x08001cfc   0x08001cfc   0x00000100   Code   RO         1913    i.BL_Erase_Flash    bootloader.o
    0x08001dfc   0x08001dfc   0x0000001e   Code   RO         1914    i.BL_GET_RDP_LEVEL  bootloader.o
    0x08001e1a   0x08001e1a   0x00000002   PAD
    0x08001e1c   0x08001e1c   0x000000c0   Code   RO         1915    i.BL_Get_Chip_ID    bootloader.o
    0x08001edc   0x08001edc   0x000000bc   Code   RO         1916    i.BL_Get_Help       bootloader.o
    0x08001f98   0x08001f98   0x000000b0   Code   RO         1917    i.BL_Get_Read_Protection_Level  bootloader.o
    0x08002048   0x08002048   0x00000002   Code   RO         1918    i.BL_Get_Sector_Protection_Status  bootloader.o
    0x0800204a   0x0800204a   0x00000002   PAD
    0x0800204c   0x0800204c   0x000000b8   Code   RO         1919    i.BL_Get_Version    bootloader.o
    0x08002104   0x08002104   0x0000002c   Code   RO         1920    i.BL_Host_Jump_Address_Verify  bootloader.o
    0x08002130   0x08002130   0x00000134   Code   RO         1921    i.BL_Jump_To_Address  bootloader.o
    0x08002264   0x08002264   0x00000020   Code   RO         1922    i.BL_Jump_To_User_App  bootloader.o
    0x08002284   0x08002284   0x00000002   Code   RO         1923    i.BL_Memory_Read    bootloader.o
    0x08002286   0x08002286   0x00000002   PAD
    0x08002288   0x08002288   0x00000178   Code   RO         1924    i.BL_Memory_Write   bootloader.o
    0x08002400   0x08002400   0x0000005c   Code   RO         1925    i.BL_Perform_Flash_Erase  bootloader.o
    0x0800245c   0x0800245c   0x00000038   Code   RO         1926    i.BL_Print_Message  bootloader.o
    0x08002494   0x08002494   0x00000002   Code   RO         1927    i.BL_Read_OTP       bootloader.o
    0x08002496   0x08002496   0x0000003a   Code   RO         1928    i.BL_Send_ACK_NACK  bootloader.o
    0x080024d0   0x080024d0   0x0000001c   Code   RO         1929    i.BL_Send_Data_To_Host  bootloader.o
    0x080024ec   0x080024ec   0x000001b4   Code   RO         1930    i.BL_UART_Fetch_Host_Command  bootloader.o
    0x080026a0   0x080026a0   0x00000056   Code   RO         1931    i.BL_Write_Payload_In_Flash  bootloader.o
    0x080026f6   0x080026f6   0x00000004   Code   RO          268    i.BusFault_Handler  stm32f1xx_it.o
    0x080026fa   0x080026fa   0x00000002   Code   RO          269    i.DebugMon_Handler  stm32f1xx_it.o
    0x080026fc   0x080026fc   0x00000006   Code   RO           13    i.Error_Handler     main.o
    0x08002702   0x08002702   0x00000002   PAD
    0x08002704   0x08002704   0x00000028   Code   RO         1291    i.FLASH_MassErase   stm32f1xx_hal_flash_ex.o
    0x0800272c   0x0800272c   0x000000e8   Code   RO         1292    i.FLASH_OB_DisableWRP  stm32f1xx_hal_flash_ex.o
    0x08002814   0x08002814   0x000000ec   Code   RO         1293    i.FLASH_OB_EnableWRP  stm32f1xx_hal_flash_ex.o
    0x08002900   0x08002900   0x0000001c   Code   RO         1294    i.FLASH_OB_GetRDP   stm32f1xx_hal_flash_ex.o
    0x0800291c   0x0800291c   0x00000010   Code   RO         1295    i.FLASH_OB_GetUser  stm32f1xx_hal_flash_ex.o
    0x0800292c   0x0800292c   0x0000000c   Code   RO         1296    i.FLASH_OB_GetWRP   stm32f1xx_hal_flash_ex.o
    0x08002938   0x08002938   0x0000004c   Code   RO         1297    i.FLASH_OB_ProgramData  stm32f1xx_hal_flash_ex.o
    0x08002984   0x08002984   0x0000007c   Code   RO         1298    i.FLASH_OB_RDP_LevelConfig  stm32f1xx_hal_flash_ex.o
    0x08002a00   0x08002a00   0x00000054   Code   RO         1299    i.FLASH_OB_UserConfig  stm32f1xx_hal_flash_ex.o
    0x08002a54   0x08002a54   0x00000028   Code   RO         1300    i.FLASH_PageErase   stm32f1xx_hal_flash_ex.o
    0x08002a7c   0x08002a7c   0x00000020   Code   RO         1188    i.FLASH_Program_HalfWord  stm32f1xx_hal_flash.o
    0x08002a9c   0x08002a9c   0x00000084   Code   RO         1189    i.FLASH_SetErrorCode  stm32f1xx_hal_flash.o
    0x08002b20   0x08002b20   0x00000070   Code   RO         1190    i.FLASH_WaitForLastOperation  stm32f1xx_hal_flash.o
    0x08002b90   0x08002b90   0x00000028   Code   RO          403    i.HAL_CRC_Accumulate  stm32f1xx_hal_crc.o
    0x08002bb8   0x08002bb8   0x00000020   Code   RO          407    i.HAL_CRC_Init      stm32f1xx_hal_crc.o
    0x08002bd8   0x08002bd8   0x00000030   Code   RO          179    i.HAL_CRC_MspInit   crc.o
    0x08002c08   0x08002c08   0x000000b0   Code   RO         1301    i.HAL_FLASHEx_Erase  stm32f1xx_hal_flash_ex.o
    0x08002cb8   0x08002cb8   0x00000060   Code   RO         1303    i.HAL_FLASHEx_OBErase  stm32f1xx_hal_flash_ex.o
    0x08002d18   0x08002d18   0x0000001c   Code   RO         1304    i.HAL_FLASHEx_OBGetConfig  stm32f1xx_hal_flash_ex.o
    0x08002d34   0x08002d34   0x000000c8   Code   RO         1306    i.HAL_FLASHEx_OBProgram  stm32f1xx_hal_flash_ex.o
    0x08002dfc   0x08002dfc   0x00000014   Code   RO         1194    i.HAL_FLASH_Lock    stm32f1xx_hal_flash.o
    0x08002e10   0x08002e10   0x00000008   Code   RO         1195    i.HAL_FLASH_OB_Launch  stm32f1xx_hal_flash.o
    0x08002e18   0x08002e18   0x00000014   Code   RO         1196    i.HAL_FLASH_OB_Lock  stm32f1xx_hal_flash.o
    0x08002e2c   0x08002e2c   0x0000002c   Code   RO         1197    i.HAL_FLASH_OB_Unlock  stm32f1xx_hal_flash.o
    0x08002e58   0x08002e58   0x000000b0   Code   RO         1199    i.HAL_FLASH_Program  stm32f1xx_hal_flash.o
    0x08002f08   0x08002f08   0x00000030   Code   RO         1201    i.HAL_FLASH_Unlock  stm32f1xx_hal_flash.o
    0x08002f38   0x08002f38   0x00000320   Code   RO          783    i.HAL_GPIO_Init     stm32f1xx_hal_gpio.o
    0x08003258   0x08003258   0x0000000c   Code   RO          474    i.HAL_GetTick       stm32f1xx_hal.o
    0x08003264   0x08003264   0x00000018   Code   RO          480    i.HAL_IncTick       stm32f1xx_hal.o
    0x0800327c   0x0800327c   0x00000028   Code   RO          481    i.HAL_Init          stm32f1xx_hal.o
    0x080032a4   0x080032a4   0x0000004c   Code   RO          482    i.HAL_InitTick      stm32f1xx_hal.o
    0x080032f0   0x080032f0   0x00000040   Code   RO          343    i.HAL_MspInit       stm32f1xx_hal_msp.o
    0x08003330   0x08003330   0x0000007c   Code   RO          949    i.HAL_NVIC_SetPriority  stm32f1xx_hal_cortex.o
    0x080033ac   0x080033ac   0x00000028   Code   RO          950    i.HAL_NVIC_SetPriorityGrouping  stm32f1xx_hal_cortex.o
    0x080033d4   0x080033d4   0x00000044   Code   RO          951    i.HAL_NVIC_SystemReset  stm32f1xx_hal_cortex.o
    0x08003418   0x08003418   0x0000018c   Code   RO          638    i.HAL_RCC_ClockConfig  stm32f1xx_hal_rcc.o
    0x080035a4   0x080035a4   0x00000110   Code   RO          639    i.HAL_RCC_DeInit    stm32f1xx_hal_rcc.o
    0x080036b4   0x080036b4   0x0000000c   Code   RO          643    i.HAL_RCC_GetHCLKFreq  stm32f1xx_hal_rcc.o
    0x080036c0   0x080036c0   0x00000020   Code   RO          645    i.HAL_RCC_GetPCLK1Freq  stm32f1xx_hal_rcc.o
    0x080036e0   0x080036e0   0x00000020   Code   RO          646    i.HAL_RCC_GetPCLK2Freq  stm32f1xx_hal_rcc.o
    0x08003700   0x08003700   0x00000094   Code   RO          647    i.HAL_RCC_GetSysClockFreq  stm32f1xx_hal_rcc.o
    0x08003794   0x08003794   0x00000464   Code   RO          650    i.HAL_RCC_OscConfig  stm32f1xx_hal_rcc.o
    0x08003bf8   0x08003bf8   0x00000034   Code   RO          954    i.HAL_SYSTICK_Config  stm32f1xx_hal_cortex.o
    0x08003c2c   0x08003c2c   0x00000072   Code   RO         1534    i.HAL_UART_Init     stm32f1xx_hal_uart.o
    0x08003c9e   0x08003c9e   0x00000002   PAD
    0x08003ca0   0x08003ca0   0x000000f0   Code   RO          221    i.HAL_UART_MspInit  usart.o
    0x08003d90   0x08003d90   0x000000dc   Code   RO         1537    i.HAL_UART_Receive  stm32f1xx_hal_uart.o
    0x08003e6c   0x08003e6c   0x000000d2   Code   RO         1542    i.HAL_UART_Transmit  stm32f1xx_hal_uart.o
    0x08003f3e   0x08003f3e   0x00000004   Code   RO          270    i.HardFault_Handler  stm32f1xx_it.o
    0x08003f42   0x08003f42   0x00000002   PAD
    0x08003f44   0x08003f44   0x00000020   Code   RO          180    i.MX_CRC_Init       crc.o
    0x08003f64   0x08003f64   0x00000040   Code   RO          154    i.MX_GPIO_Init      gpio.o
    0x08003fa4   0x08003fa4   0x00000038   Code   RO          222    i.MX_USART1_UART_Init  usart.o
    0x08003fdc   0x08003fdc   0x00000038   Code   RO          223    i.MX_USART2_UART_Init  usart.o
    0x08004014   0x08004014   0x00000004   Code   RO          271    i.MemManage_Handler  stm32f1xx_it.o
    0x08004018   0x08004018   0x00000004   Code   RO          272    i.NMI_Handler       stm32f1xx_it.o
    0x0800401c   0x0800401c   0x00000002   Code   RO          273    i.PendSV_Handler    stm32f1xx_it.o
    0x0800401e   0x0800401e   0x00000002   PAD
    0x08004020   0x08004020   0x00000028   Code   RO          651    i.RCC_Delay         stm32f1xx_hal_rcc.o
    0x08004048   0x08004048   0x00000002   Code   RO          274    i.SVC_Handler       stm32f1xx_it.o
    0x0800404a   0x0800404a   0x00000008   Code   RO          275    i.SysTick_Handler   stm32f1xx_it.o
    0x08004052   0x08004052   0x0000004e   Code   RO           14    i.SystemClock_Config  main.o
    0x080040a0   0x080040a0   0x00000002   Code   RO         1873    i.SystemInit        system_stm32f1xx.o
    0x080040a2   0x080040a2   0x00000002   PAD
    0x080040a4   0x080040a4   0x00000014   Code   RO           15    i.TIM2_IRQHandler   main.o
    0x080040b8   0x080040b8   0x000000fc   Code   RO         1561    i.UART_SetConfig    stm32f1xx_hal_uart.o
    0x080041b4   0x080041b4   0x0000006c   Code   RO         1565    i.UART_WaitOnFlagUntilTimeout  stm32f1xx_hal_uart.o
    0x08004220   0x08004220   0x00000004   Code   RO          276    i.UsageFault_Handler  stm32f1xx_it.o
    0x08004224   0x08004224   0x00000028   Code   RO         2262    i.__ARM_fpclassify  m_ws.l(fpclassify.o)
    0x0800424c   0x0800424c   0x00000010   Code   RO          956    i.__NVIC_GetPriorityGrouping  stm32f1xx_hal_cortex.o
    0x0800425c   0x0800425c   0x00000028   Code   RO          957    i.__NVIC_SetPriority  stm32f1xx_hal_cortex.o
    0x08004284   0x08004284   0x0000000e   Code   RO         2138    i._is_digit         c_w.l(__printf_wp.o)
    0x08004292   0x08004292   0x00000002   PAD
    0x08004294   0x08004294   0x00000034   Code   RO           16    i.main              main.o
    0x080042c8   0x080042c8   0x0000002c   Code   RO         2249    locale$$code        c_w.l(lc_numeric_c.o)
    0x080042f4   0x080042f4   0x0000002c   Code   RO         2270    locale$$code        c_w.l(lc_ctype_c.o)
    0x08004320   0x08004320   0x00000004   Code   RO         2171    x$fpl$printf1       fz_ws.l(printf1.o)
    0x08004324   0x08004324   0x00000004   Code   RO         2173    x$fpl$printf2       fz_ws.l(printf2.o)
    0x08004328   0x08004328   0x00000000   Code   RO         2261    x$fpl$usenofp       fz_ws.l(usenofp.o)
    0x08004328   0x08004328   0x00000018   Data   RO         1874    .constdata          system_stm32f1xx.o
    0x08004340   0x08004340   0x00000008   Data   RO         2097    .constdata          c_w.l(_printf_wctomb.o)
    0x08004348   0x08004348   0x00000028   Data   RO         2126    .constdata          c_w.l(_printf_hex_int_ll_ptr.o)
    0x08004370   0x08004370   0x00000011   Data   RO         2146    .constdata          c_w.l(__printf_flags_ss_wp.o)
    0x08004381   0x08004381   0x00000026   Data   RO         2201    .constdata          c_w.l(_printf_fp_hex.o)
    0x080043a7   0x080043a7   0x00000001   PAD
    0x080043a8   0x080043a8   0x00000094   Data   RO         2224    .constdata          c_w.l(bigflt0.o)
    0x0800443c   0x0800443c   0x00000088   Data   RO         1933    .conststring        bootloader.o
    0x080044c4   0x080044c4   0x00000020   Data   RO         2398    Region$$Table       anon$$obj.o
    0x080044e4   0x080044e4   0x0000001c   Data   RO         2248    locale$$data        c_w.l(lc_numeric_c.o)
    0x08004500   0x08004500   0x00000110   Data   RO         2269    locale$$data        c_w.l(lc_ctype_c.o)


    Execution Region RW_IRAM1 (Exec base: 0x20000000, Load base: 0x08004610, Size: 0x000007f8, Max: 0x00005000, ABSOLUTE)

    Exec Addr    Load Addr    Size         Type   Attr      Idx    E Section Name        Object

    0x20000000   0x08004610   0x00000008   Data   RW          181    .data               crc.o
    0x20000008   0x08004618   0x00000009   Data   RW          488    .data               stm32f1xx_hal.o
    0x20000011   0x08004621   0x00000003   PAD
    0x20000014   0x08004624   0x00000004   Data   RW         1875    .data               system_stm32f1xx.o
    0x20000018   0x08004628   0x0000000c   Data   RW         1934    .data               bootloader.o
    0x20000024        -       0x00000088   Zero   RW          224    .bss                usart.o
    0x200000ac   0x08004634   0x00000004   PAD
    0x200000b0        -       0x00000020   Zero   RW         1202    .bss                stm32f1xx_hal_flash.o
    0x200000d0        -       0x000000c8   Zero   RW         1932    .bss                bootloader.o
    0x20000198        -       0x00000060   Zero   RW         2265    .bss                c_w.l(libspace.o)
    0x200001f8        -       0x00000200   Zero   RW            2    HEAP                startup_stm32f103xb.o
    0x200003f8        -       0x00000400   Zero   RW            1    STACK               startup_stm32f103xb.o


==============================================================================

Image component sizes


      Code (inc. data)   RO Data    RW Data    ZI Data      Debug   Object Name

      2878       1220        136         12        200      19376   bootloader.o
        80         18          0          8          0       1423   crc.o
        64          6          0          0          0        763   gpio.o
       156         18          0          0          0     404858   main.o
        64         26        236          0       1536        804   startup_stm32f103xb.o
       152         32          0          9          0       5229   stm32f1xx_hal.o
       340         30          0          0          0      29305   stm32f1xx_hal_cortex.o
        72          0          0          0          0       1752   stm32f1xx_hal_crc.o
       592         66          0          0         32       5718   stm32f1xx_hal_flash.o
      1388        122          0          0          0       9611   stm32f1xx_hal_flash_ex.o
       800         34          0          0          0       2036   stm32f1xx_hal_gpio.o
        64          6          0          0          0        814   stm32f1xx_hal_msp.o
      2056        128          0          0          0       6717   stm32f1xx_hal_rcc.o
       904          4          0          0          0       4619   stm32f1xx_hal_uart.o
        34          0          0          0          0       3854   stm32f1xx_it.o
         2          0         24          4          0       1095   system_stm32f1xx.o
       352         36          0          0        136       2243   usart.o

    ----------------------------------------------------------------------
     10016       1746        428         36       1908     500217   Object Totals
         0          0         32          0          0          0   (incl. Generated)
        18          0          0          3          4          0   (incl. Padding)

    ----------------------------------------------------------------------

      Code (inc. data)   RO Data    RW Data    ZI Data      Debug   Library Member Name

         8          0          0          0          0         68   __main.o
       392          4         17          0          0         92   __printf_flags_ss_wp.o
        14          0          0          0          0         68   __printf_wp.o
         0          0          0          0          0          0   __rtentry.o
        12          0          0          0          0          0   __rtentry2.o
         6          0          0          0          0          0   __rtentry4.o
        52          8          0          0          0          0   __scatter.o
        26          0          0          0          0          0   __scatter_copy.o
        28          0          0          0          0          0   __scatter_zi.o
         6          0          0          0          0          0   _printf_a.o
         6          0          0          0          0          0   _printf_c.o
        44          0          0          0          0        108   _printf_char.o
        48          6          0          0          0         96   _printf_char_common.o
        40          0          0          0          0         68   _printf_charcount.o
         6          0          0          0          0          0   _printf_d.o
       120         16          0          0          0         92   _printf_dec.o
         6          0          0          0          0          0   _printf_e.o
         6          0          0          0          0          0   _printf_f.o
      1054          0          0          0          0        216   _printf_fp_dec.o
       764          8         38          0          0        100   _printf_fp_hex.o
       128         16          0          0          0         84   _printf_fp_infnan.o
         6          0          0          0          0          0   _printf_g.o
       148          4         40          0          0        160   _printf_hex_int_ll_ptr.o
         6          0          0          0          0          0   _printf_i.o
       178          0          0          0          0         88   _printf_intcommon.o
        10          0          0          0          0          0   _printf_l.o
         6          0          0          0          0          0   _printf_lc.o
        10          0          0          0          0          0   _printf_ll.o
         6          0          0          0          0          0   _printf_lld.o
         6          0          0          0          0          0   _printf_lli.o
         6          0          0          0          0          0   _printf_llo.o
         6          0          0          0          0          0   _printf_llu.o
         6          0          0          0          0          0   _printf_llx.o
       124         16          0          0          0         92   _printf_longlong_dec.o
         6          0          0          0          0          0   _printf_ls.o
         6          0          0          0          0          0   _printf_n.o
         6          0          0          0          0          0   _printf_o.o
       112         10          0          0          0        124   _printf_oct_int_ll.o
         6          0          0          0          0          0   _printf_p.o
        78          0          0          0          0        108   _printf_pad.o
         0          0          0          0          0          0   _printf_percent.o
         4          0          0          0          0          0   _printf_percent_end.o
         6          0          0          0          0          0   _printf_s.o
        82          0          0          0          0         80   _printf_str.o
        36          0          0          0          0         84   _printf_truncate.o
         6          0          0          0          0          0   _printf_u.o
        44          0          0          0          0        108   _printf_wchar.o
       188          6          8          0          0         92   _printf_wctomb.o
         6          0          0          0          0          0   _printf_x.o
        10          0          0          0          0         68   _sputc.o
        64          0          0          0          0         92   _wcrtomb.o
       228          4        148          0          0         96   bigflt0.o
      1936        128          0          0          0        672   btod.o
        18          0          0          0          0         80   exit.o
         6          0          0          0          0        152   heapauxi.o
         0          0          0          0          0          0   indicate_semi.o
        44         10        272          0          0         76   lc_ctype_c.o
        44         10         28          0          0         76   lc_numeric_c.o
         2          0          0          0          0          0   libinit.o
        30          0          0          0          0          0   libinit2.o
         2          0          0          0          0          0   libshutdown.o
         2          0          0          0          0          0   libshutdown2.o
         8          4          0          0         96         68   libspace.o
       138          0          0          0          0         80   lludiv10.o
        38          0          0          0          0         68   llushr.o
        16          4          0          0          0         76   rt_ctype_table.o
         8          4          0          0          0         68   rt_locale_intlibspace.o
        68          0          0          0          0         68   rt_memclr.o
        78          0          0          0          0         80   rt_memclr_w.o
         2          0          0          0          0          0   rtexit.o
        10          0          0          0          0          0   rtexit2.o
       128          0          0          0          0         68   strcmpv7m.o
        12          4          0          0          0         68   sys_exit.o
        74          0          0          0          0         80   sys_stackheap_outer.o
         2          0          0          0          0         68   use_no_semi.o
        36          4          0          0          0         76   vsprintf.o
         4          0          0          0          0         68   printf1.o
         4          0          0          0          0         68   printf2.o
         0          0          0          0          0          0   usenofp.o
        40          0          0          0          0         68   fpclassify.o

    ----------------------------------------------------------------------
      6940        266        552          0         96       4312   Library Totals
        18          0          1          0          0          0   (incl. Padding)

    ----------------------------------------------------------------------

      Code (inc. data)   RO Data    RW Data    ZI Data      Debug   Library Name

      6874        266        551          0         96       4108   c_w.l
         8          0          0          0          0        136   fz_ws.l
        40          0          0          0          0         68   m_ws.l

    ----------------------------------------------------------------------
      6940        266        552          0         96       4312   Library Totals

    ----------------------------------------------------------------------

==============================================================================


      Code (inc. data)   RO Data    RW Data    ZI Data      Debug   

     16956       2012        980         36       2004     497661   Grand Totals
     16956       2012        980         36       2004     497661   ELF Image Totals
     16956       2012        980         36          0          0   ROM Totals

==============================================================================

    Total RO  Size (Code + RO Data)                17936 (  17.52kB)
    Total RW  Size (RW Data + ZI Data)              2040 (   1.99kB)
    Total ROM Size (Code + RO Data + RW Data)      17972 (  17.55kB)

==============================================================================

